14:58:10 | INFO    | ======================================================================
14:58:10 | INFO    | CSE-CIC-IDS2018 — stratified sampling + 7-model benchmark
14:58:10 | INFO    | sample=500,000 rows | sampling=nested | seed=42 | split=70/30 | weighting=none | accelerator=gpu
14:58:10 | INFO    | results -> C:\Users\ks\Documents\GitHub\ai-classification-cyber-attack\results\ids2018\500k_temporal_tuned | models -> C:\Users\ks\Documents\GitHub\ai-classification-cyber-attack\models\ids2018\500k_temporal_tuned
14:58:10 | INFO    | ======================================================================
14:58:10 | INFO    | Verifying CUDA on device(s) 0 ...
14:58:11 | INFO    |   nvidia_smi         PASS | GPU 0: NVIDIA GeForce RTX 4060 Laptop GPU (UUID: GPU-c4684497-9c90-aba3-9c13-e1187835b90b)
14:58:11 | INFO    |   xgboost_cuda_fit   PASS | CUDA fit completed
14:58:11 | INFO    |   catboost_gpu_fit   PASS | CUDA fit completed
14:58:11 | INFO    | Reusing cached sample: C:\Users\ks\Documents\GitHub\ai-classification-cyber-attack\data\ids2018\sample_500k.parquet (500,000 rows)
14:58:11 | INFO    | Dropping non-generalisable columns: Flow ID, Src IP, Src Port, Dst IP, Dst Port
14:58:11 | INFO    | Feature matrix before cleaning: 500,000 x 78
14:58:12 | INFO    | Temporal split -> train 349,989 rows / test 150,011 rows (70/30)
14:58:12 | WARNING | Classes with under 10 test flows -- their scores describe the sample, not the model: Brute Force -Web (6), Brute Force -XSS (2), SQL Injection (1)
14:58:12 | INFO    | Split manifest written to C:\Users\ks\Documents\GitHub\ai-classification-cyber-attack\results\ids2018\500k_temporal_tuned\split_manifest.json
14:58:13 | INFO    | Dropping 8 uninformative column(s) (all-NaN or constant on train): Bwd Blk Rate Avg, Bwd Byts/b Avg, Bwd PSH Flags, Bwd Pkts/b Avg, Bwd URG Flags, Fwd Blk Rate Avg, Fwd Byts/b Avg, Fwd Pkts/b Avg
14:58:13 | INFO    | Preprocessor fitted: 69 features, scaler=standard
14:58:14 | INFO    | Encoded 15 classes: ['Benign', 'Bot', 'Brute Force -Web', 'Brute Force -XSS', 'DDOS attack-HOIC', 'DDOS attack-LOIC-UDP', 'DDoS attacks-LOIC-HTTP', 'DoS attacks-GoldenEye', 'DoS attacks-Hulk', 'DoS attacks-SlowHTTPTest', 'DoS attacks-Slowloris', 'FTP-BruteForce', 'Infilteration', 'SQL Injection', 'SSH-Bruteforce']
14:58:14 | INFO    | Ready: X_train (349989, 69), X_test (150011, 69) (float32, 138.0 MB total)
14:58:14 | INFO    | Preprocessor, encoder and metadata saved to C:\Users\ks\Documents\GitHub\ai-classification-cyber-attack\models\ids2018\500k_temporal_tuned
14:58:14 | INFO    | ----------------------------------------------------------------------
14:58:14 | INFO    | [1/7] xgboost
14:58:14 | INFO    |   tuning xgboost: 20 candidate(s) x 3 fold(s) on 59,999 rows (1 class(es) pinned to train)
15:11:33 | INFO    |   tuned xgboost: f1_macro=0.7674 in 13.3 min | {'subsample': 0.8, 'reg_lambda': 3.0, 'n_estimators': 400, 'min_child_weight': 1, 'max_depth': 8, 'learning_rate': 0.1, 'colsample_bytree': 1.0}
15:12:09 | INFO    |   xgboost              acc=0.9837  f1_macro=0.7270  f1_weighted=0.9796
15:12:10 | INFO    |   saved -> xgboost.joblib, xgboost.json
15:12:11 | INFO    | 
  model  accuracy  balanced_accuracy  precision_macro  recall_macro  f1_macro  precision_weighted  recall_weighted  f1_weighted  train_seconds  predict_seconds
xgboost    0.9837             0.7094           0.7686        0.7094     0.727              0.9782           0.9837       0.9796           35.9              0.8
15:12:11 | INFO    | Comparison table written to C:\Users\ks\Documents\GitHub\ai-classification-cyber-attack\results\ids2018\500k_temporal_tuned\model_comparison.csv
15:12:11 | INFO    | ----------------------------------------------------------------------
15:12:11 | INFO    | [2/7] lightgbm
15:12:11 | INFO    |   lightgbm is CPU-only -- --accelerator gpu does not apply
15:12:11 | INFO    |   lightgbm has no GPU support in the PyPI wheel -- running on CPU
15:12:11 | INFO    |   tuning lightgbm: 20 candidate(s) x 3 fold(s) on 59,999 rows (1 class(es) pinned to train)
00:46:39 | INFO    | ======================================================================
00:46:39 | INFO    | CSE-CIC-IDS2018 — stratified sampling + 7-model benchmark
00:46:39 | INFO    | sample=500,000 rows | sampling=nested | seed=42 | split=70/30 | weighting=none | accelerator=gpu
00:46:39 | INFO    | results -> C:\Users\ks\Documents\GitHub\ai-classification-cyber-attack\results\ids2018\500k_temporal_tuned | models -> C:\Users\ks\Documents\GitHub\ai-classification-cyber-attack\models\ids2018\500k_temporal_tuned
00:46:39 | INFO    | ======================================================================
00:46:39 | INFO    | Verifying CUDA on device(s) 0 ...
00:46:41 | INFO    |   nvidia_smi         PASS | GPU 0: NVIDIA GeForce RTX 4060 Laptop GPU (UUID: GPU-c4684497-9c90-aba3-9c13-e1187835b90b)
00:46:41 | INFO    |   xgboost_cuda_fit   PASS | CUDA fit completed
00:46:41 | INFO    |   catboost_gpu_fit   PASS | CUDA fit completed
00:46:42 | INFO    | Reusing cached sample: C:\Users\ks\Documents\GitHub\ai-classification-cyber-attack\data\ids2018\sample_500k.parquet (500,000 rows)
00:46:42 | INFO    | Dropping non-generalisable columns: Flow ID, Src IP, Src Port, Dst IP, Dst Port
00:46:42 | INFO    | Feature matrix before cleaning: 500,000 x 78
00:46:43 | INFO    | Temporal split -> train 349,989 rows / test 150,011 rows (70/30)
00:46:43 | WARNING | Classes with under 10 test flows -- their scores describe the sample, not the model: Brute Force -Web (6), Brute Force -XSS (2), SQL Injection (1)
00:46:43 | INFO    | Split manifest written to C:\Users\ks\Documents\GitHub\ai-classification-cyber-attack\results\ids2018\500k_temporal_tuned\split_manifest.json
00:46:44 | INFO    | Dropping 8 uninformative column(s) (all-NaN or constant on train): Bwd Blk Rate Avg, Bwd Byts/b Avg, Bwd PSH Flags, Bwd Pkts/b Avg, Bwd URG Flags, Fwd Blk Rate Avg, Fwd Byts/b Avg, Fwd Pkts/b Avg
00:46:44 | INFO    | Preprocessor fitted: 69 features, scaler=standard
00:46:45 | INFO    | Encoded 15 classes: ['Benign', 'Bot', 'Brute Force -Web', 'Brute Force -XSS', 'DDOS attack-HOIC', 'DDOS attack-LOIC-UDP', 'DDoS attacks-LOIC-HTTP', 'DoS attacks-GoldenEye', 'DoS attacks-Hulk', 'DoS attacks-SlowHTTPTest', 'DoS attacks-Slowloris', 'FTP-BruteForce', 'Infilteration', 'SQL Injection', 'SSH-Bruteforce']
00:46:45 | INFO    | Ready: X_train (349989, 69), X_test (150011, 69) (float32, 138.0 MB total)
00:46:45 | INFO    | Preprocessor, encoder and metadata saved to C:\Users\ks\Documents\GitHub\ai-classification-cyber-attack\models\ids2018\500k_temporal_tuned
00:46:45 | INFO    | ----------------------------------------------------------------------
00:46:45 | INFO    | [1/7] xgboost
00:46:45 | INFO    |   already trained -- reusing saved artefacts
00:46:45 | INFO    | ----------------------------------------------------------------------
00:46:45 | INFO    | [2/7] lightgbm
00:46:45 | INFO    |   lightgbm is CPU-only -- --accelerator gpu does not apply
00:46:45 | INFO    |   lightgbm has no GPU support in the PyPI wheel -- running on CPU
00:46:45 | INFO    |   tuning lightgbm: 20 candidate(s) x 3 fold(s) on 59,999 rows (1 class(es) pinned to train)
00:58:12 | INFO    |   tuned lightgbm: f1_macro=0.8318 in 11.4 min | {'reg_lambda': 3.0, 'num_leaves': 31, 'n_estimators': 600, 'min_child_samples': 50, 'learning_rate': 0.1, 'colsample_bytree': 0.8}
00:59:19 | INFO    |   lightgbm             acc=0.9837  f1_macro=0.7321  f1_weighted=0.9795
00:59:22 | INFO    |   saved -> lightgbm.joblib, lightgbm.txt
00:59:22 | INFO    | 
   model  accuracy  balanced_accuracy  precision_macro  recall_macro  f1_macro  precision_weighted  recall_weighted  f1_weighted  train_seconds  predict_seconds
lightgbm    0.9837             0.7117           0.7837        0.7117    0.7321              0.9781           0.9837       0.9795           59.7              7.4
 xgboost    0.9837             0.7094           0.7686        0.7094    0.7270              0.9782           0.9837       0.9796           35.9              0.8
00:59:22 | INFO    | Comparison table written to C:\Users\ks\Documents\GitHub\ai-classification-cyber-attack\results\ids2018\500k_temporal_tuned\model_comparison.csv
00:59:22 | INFO    | ----------------------------------------------------------------------
00:59:22 | INFO    | [3/7] catboost
00:59:22 | INFO    |   tuning catboost: 20 candidate(s) x 3 fold(s) on 59,999 rows (1 class(es) pinned to train)
01:17:03 | INFO    |   tuned catboost: f1_macro=0.7604 in 17.7 min | {'learning_rate': 0.1, 'l2_leaf_reg': 3, 'iterations': 500, 'depth': 10}
01:17:46 | INFO    |   catboost             acc=0.9837  f1_macro=0.6850  f1_weighted=0.9792
01:17:47 | INFO    |   saved -> catboost.joblib, catboost.cbm
01:17:47 | INFO    | 
   model  accuracy  balanced_accuracy  precision_macro  recall_macro  f1_macro  precision_weighted  recall_weighted  f1_weighted  train_seconds  predict_seconds
catboost    0.9837             0.6751           0.7184        0.6751    0.6850              0.9780           0.9837       0.9792           43.1              0.2
lightgbm    0.9837             0.7117           0.7837        0.7117    0.7321              0.9781           0.9837       0.9795           59.7              7.4
 xgboost    0.9837             0.7094           0.7686        0.7094    0.7270              0.9782           0.9837       0.9796           35.9              0.8
01:17:47 | INFO    | Comparison table written to C:\Users\ks\Documents\GitHub\ai-classification-cyber-attack\results\ids2018\500k_temporal_tuned\model_comparison.csv
01:17:47 | INFO    | ----------------------------------------------------------------------
01:17:47 | INFO    | [4/7] random_forest
01:17:47 | INFO    |   random_forest is CPU-only -- --accelerator gpu does not apply
01:17:47 | INFO    |   tuning random_forest: 20 candidate(s) x 3 fold(s) on 59,999 rows (1 class(es) pinned to train)
01:22:55 | INFO    |   tuned random_forest: f1_macro=0.7752 in 5.1 min | {'n_estimators': 200, 'min_samples_split': 2, 'min_samples_leaf': 1, 'max_features': 0.3, 'max_depth': 15}
01:23:43 | INFO    |   random_forest        acc=0.9836  f1_macro=0.7273  f1_weighted=0.9794
01:23:44 | INFO    |   saved -> random_forest.joblib
01:23:44 | INFO    | 
        model  accuracy  balanced_accuracy  precision_macro  recall_macro  f1_macro  precision_weighted  recall_weighted  f1_weighted  train_seconds  predict_seconds
     catboost    0.9837             0.6751           0.7184        0.6751    0.6850              0.9780           0.9837       0.9792           43.1              0.2
     lightgbm    0.9837             0.7117           0.7837        0.7117    0.7321              0.9781           0.9837       0.9795           59.7              7.4
      xgboost    0.9837             0.7094           0.7686        0.7094    0.7270              0.9782           0.9837       0.9796           35.9              0.8
random_forest    0.9836             0.7013           0.7917        0.7013    0.7273              0.9788           0.9836       0.9794           46.4              1.0
01:23:44 | INFO    | Comparison table written to C:\Users\ks\Documents\GitHub\ai-classification-cyber-attack\results\ids2018\500k_temporal_tuned\model_comparison.csv
01:23:44 | INFO    | ----------------------------------------------------------------------
01:23:44 | INFO    | [5/7] mlp
01:23:44 | INFO    |   mlp is CPU-only -- --accelerator gpu does not apply
01:23:44 | INFO    |   tuning mlp: 20 candidate(s) x 3 fold(s) on 59,999 rows (1 class(es) pinned to train)
01:41:28 | INFO    |   tuned mlp: f1_macro=0.7422 in 17.7 min | {'learning_rate_init': 0.001, 'hidden_layer_sizes': (256, 128), 'batch_size': 256, 'alpha': 0.001}
01:43:51 | INFO    |   mlp                  acc=0.9819  f1_macro=0.7154  f1_weighted=0.9767
01:43:52 | INFO    |   saved -> mlp.joblib
01:43:52 | INFO    | 
        model  accuracy  balanced_accuracy  precision_macro  recall_macro  f1_macro  precision_weighted  recall_weighted  f1_weighted  train_seconds  predict_seconds
     catboost    0.9837             0.6751           0.7184        0.6751    0.6850              0.9780           0.9837       0.9792           43.1              0.2
     lightgbm    0.9837             0.7117           0.7837        0.7117    0.7321              0.9781           0.9837       0.9795           59.7              7.4
      xgboost    0.9837             0.7094           0.7686        0.7094    0.7270              0.9782           0.9837       0.9796           35.9              0.8
random_forest    0.9836             0.7013           0.7917        0.7013    0.7273              0.9788           0.9836       0.9794           46.4              1.0
          mlp    0.9819             0.6936           0.7605        0.6936    0.7154              0.9721           0.9819       0.9767          142.7              0.4
01:43:52 | INFO    | Comparison table written to C:\Users\ks\Documents\GitHub\ai-classification-cyber-attack\results\ids2018\500k_temporal_tuned\model_comparison.csv
01:43:52 | INFO    | ----------------------------------------------------------------------
01:43:52 | INFO    | [6/7] logistic_regression
01:43:52 | INFO    |   logistic_regression is CPU-only -- --accelerator gpu does not apply
01:43:52 | INFO    |   tuning logistic_regression: 10 candidate(s) x 3 fold(s) on 59,999 rows (1 class(es) pinned to train)
01:46:33 | INFO    |   tuned logistic_regression: f1_macro=0.7148 in 2.7 min | {'tol': 0.0001, 'C': 10.0}
01:48:55 | INFO    |   logistic_regression  acc=0.9647  f1_macro=0.6569  f1_weighted=0.9594
01:48:55 | INFO    |   saved -> logistic_regression.joblib
01:48:55 | INFO    | 
              model  accuracy  balanced_accuracy  precision_macro  recall_macro  f1_macro  precision_weighted  recall_weighted  f1_weighted  train_seconds  predict_seconds
           catboost    0.9837             0.6751           0.7184        0.6751    0.6850              0.9780           0.9837       0.9792           43.1              0.2
           lightgbm    0.9837             0.7117           0.7837        0.7117    0.7321              0.9781           0.9837       0.9795           59.7              7.4
            xgboost    0.9837             0.7094           0.7686        0.7094    0.7270              0.9782           0.9837       0.9796           35.9              0.8
      random_forest    0.9836             0.7013           0.7917        0.7013    0.7273              0.9788           0.9836       0.9794           46.4              1.0
                mlp    0.9819             0.6936           0.7605        0.6936    0.7154              0.9721           0.9819       0.9767          142.7              0.4
logistic_regression    0.9647             0.6360           0.6984        0.6360    0.6569              0.9560           0.9647       0.9594          141.9              0.0
01:48:55 | INFO    | Comparison table written to C:\Users\ks\Documents\GitHub\ai-classification-cyber-attack\results\ids2018\500k_temporal_tuned\model_comparison.csv
01:48:55 | INFO    | ----------------------------------------------------------------------
01:48:55 | INFO    | [7/7] stacking
01:52:29 | INFO    |   stacking             acc=0.9840  f1_macro=0.6466  f1_weighted=0.9787
01:52:30 | INFO    |   saved -> stacking.joblib
01:52:30 | INFO    | 
              model  accuracy  balanced_accuracy  precision_macro  recall_macro  f1_macro  precision_weighted  recall_weighted  f1_weighted  train_seconds  predict_seconds
           stacking    0.9840             0.6273           0.6978        0.6273    0.6466              0.9742           0.9840       0.9787          209.9              3.4
           catboost    0.9837             0.6751           0.7184        0.6751    0.6850              0.9780           0.9837       0.9792           43.1              0.2
           lightgbm    0.9837             0.7117           0.7837        0.7117    0.7321              0.9781           0.9837       0.9795           59.7              7.4
            xgboost    0.9837             0.7094           0.7686        0.7094    0.7270              0.9782           0.9837       0.9796           35.9              0.8
      random_forest    0.9836             0.7013           0.7917        0.7013    0.7273              0.9788           0.9836       0.9794           46.4              1.0
                mlp    0.9819             0.6936           0.7605        0.6936    0.7154              0.9721           0.9819       0.9767          142.7              0.4
logistic_regression    0.9647             0.6360           0.6984        0.6360    0.6569              0.9560           0.9647       0.9594          141.9              0.0
01:52:30 | INFO    | Comparison table written to C:\Users\ks\Documents\GitHub\ai-classification-cyber-attack\results\ids2018\500k_temporal_tuned\model_comparison.csv
01:52:30 | INFO    | Search provenance written to C:\Users\ks\Documents\GitHub\ai-classification-cyber-attack\results\ids2018\500k_temporal_tuned\tuning.json
01:52:30 | INFO    | ======================================================================
01:52:30 | INFO    | 
              model  accuracy  balanced_accuracy  precision_macro  recall_macro  f1_macro  precision_weighted  recall_weighted  f1_weighted  train_seconds  predict_seconds
           stacking    0.9840             0.6273           0.6978        0.6273    0.6466              0.9742           0.9840       0.9787          209.9              3.4
           catboost    0.9837             0.6751           0.7184        0.6751    0.6850              0.9780           0.9837       0.9792           43.1              0.2
           lightgbm    0.9837             0.7117           0.7837        0.7117    0.7321              0.9781           0.9837       0.9795           59.7              7.4
            xgboost    0.9837             0.7094           0.7686        0.7094    0.7270              0.9782           0.9837       0.9796           35.9              0.8
      random_forest    0.9836             0.7013           0.7917        0.7013    0.7273              0.9788           0.9836       0.9794           46.4              1.0
                mlp    0.9819             0.6936           0.7605        0.6936    0.7154              0.9721           0.9819       0.9767          142.7              0.4
logistic_regression    0.9647             0.6360           0.6984        0.6360    0.6569              0.9560           0.9647       0.9594          141.9              0.0
01:52:30 | INFO    | Comparison table written to C:\Users\ks\Documents\GitHub\ai-classification-cyber-attack\results\ids2018\500k_temporal_tuned\model_comparison.csv
01:52:30 | INFO    | Total wall time: 65.8 min
