19:55:31 | INFO    | loading corpora (Destination Port kept)
19:55:32 | INFO    | ids2017 -> canonical schema: 77 feature(s), Destination Port kept
19:55:33 | INFO    | ids2017: dropping 90705 row(s) in 2 unmapped class(es): Heartbleed, PortScan
19:55:45 | INFO    | clean: 2407275 -> 2407275 rows (100.00% kept); dropped 0 non-finite, 0 duplicate
19:55:46 | INFO    | sampled 300000 rows (target 300000) across 7 classes with seed 42
19:55:46 | INFO    | ids2017 ready: {'name': 'ids2017', 'n_rows': 300000, 'n_features': 77, 'order_basis': '_row_index', 'dropped_unmapped_rows': 90705, 'cleaning': {'rows_in': 2407275, 'rows_out': 2407275, 'rows_dropped': 0, 'non_finite_values': 0, 'rows_dropped_non_finite': 0, 'rows_dropped_duplicate': 0, 'kept_fraction': 1.0}, 'class_counts': {'Benign': 248188, 'DoS': 23203, 'DDoS': 15332, 'Brute Force': 9150, 'Web Attack': 2143, 'Bot': 1948, 'Infiltration': 36}}
19:55:59 | INFO    | ids2018 -> canonical schema: 77 feature(s), Destination Port kept
19:57:49 | INFO    | clean: 11445955 -> 11445942 rows (100.00% kept); dropped 0 non-finite, 13 duplicate
20:05:53 | INFO    | loading corpora (Destination Port kept)
20:05:54 | INFO    | ids2017 -> canonical schema: 77 feature(s), Destination Port kept
20:05:54 | INFO    | ids2017: dropping 90705 row(s) in 2 unmapped class(es): Heartbleed, PortScan
20:06:08 | INFO    | clean: 2407275 -> 2407275 rows (100.00% kept); dropped 0 non-finite, 0 duplicate
20:06:08 | INFO    | sampled 300000 rows (target 300000) across 7 classes with seed 42
20:06:08 | INFO    | ids2017 ready: {'name': 'ids2017', 'n_rows': 300000, 'n_features': 77, 'order_basis': '_row_index', 'dropped_unmapped_rows': 90705, 'cleaning': {'rows_in': 2407275, 'rows_out': 2407275, 'rows_dropped': 0, 'non_finite_values': 0, 'rows_dropped_non_finite': 0, 'rows_dropped_duplicate': 0, 'kept_fraction': 1.0}, 'class_counts': {'Benign': 248188, 'DoS': 23203, 'DDoS': 15332, 'Brute Force': 9150, 'Web Attack': 2143, 'Bot': 1948, 'Infiltration': 36}}
20:06:23 | INFO    | ids2018 -> canonical schema: 77 feature(s), Destination Port kept
20:08:20 | INFO    | clean: 11445955 -> 11445942 rows (100.00% kept); dropped 0 non-finite, 13 duplicate
20:08:20 | INFO    | ids2018: 13 row(s) became duplicates once labels collapsed to the shared seven
20:08:22 | INFO    | sampled 300000 rows (target 300000) across 7 classes with seed 42
20:08:22 | INFO    | ids2018 ready: {'name': 'ids2018', 'n_rows': 300000, 'n_features': 77, 'order_basis': 'Timestamp', 'dropped_unmapped_rows': 0, 'cleaning': {'rows_in': 11445955, 'rows_out': 11445942, 'rows_dropped': 13, 'non_finite_values': 0, 'rows_dropped_non_finite': 0, 'rows_dropped_duplicate': 13, 'kept_fraction': 0.999999}, 'class_counts': {'Benign': 263858, 'DDoS': 20272, 'DoS': 5132, 'Bot': 3778, 'Infiltration': 3642, 'Brute Force': 2459, 'Web Attack': 859}}
20:08:22 | INFO    | ids2017: 300,000 rows from a corpus of 2,407,275, 77 features, ordered by _row_index
20:08:22 | INFO    | ids2018: 300,000 rows from a corpus of 11,445,955, 77 features, ordered by Timestamp
20:08:22 | INFO    | --dry-run set: corpora written to D:\Projects\Senior Project\ai-classification-cyber-attack\results\crossdataset\protocol_v2\corpora.json, stopping before training
20:14:53 | INFO    | loading corpora (Destination Port kept)
20:14:54 | INFO    | ids2017 -> canonical schema: 77 feature(s), Destination Port kept
20:14:54 | INFO    | ids2017: dropping 90705 row(s) in 2 unmapped class(es): Heartbleed, PortScan
20:15:07 | INFO    | clean: 2407275 -> 2407275 rows (100.00% kept); dropped 0 non-finite, 0 duplicate
20:15:08 | INFO    | sampled 300000 rows (target 300000) across 7 classes with seed 42
20:15:08 | INFO    | ids2017 ready: {'name': 'ids2017', 'n_rows': 300000, 'n_features': 77, 'order_basis': '_row_index', 'dropped_unmapped_rows': 90705, 'cleaning': {'rows_in': 2407275, 'rows_out': 2407275, 'rows_dropped': 0, 'non_finite_values': 0, 'rows_dropped_non_finite': 0, 'rows_dropped_duplicate': 0, 'kept_fraction': 1.0}, 'class_counts': {'Benign': 248188, 'DoS': 23203, 'DDoS': 15332, 'Brute Force': 9150, 'Web Attack': 2143, 'Bot': 1948, 'Infiltration': 36}}
20:15:19 | INFO    | ids2018 -> canonical schema: 77 feature(s), Destination Port kept
20:16:51 | INFO    | clean: 11445955 -> 11445942 rows (100.00% kept); dropped 0 non-finite, 13 duplicate
20:16:52 | INFO    | ids2018: 13 row(s) became duplicates once labels collapsed to the shared seven
20:16:53 | INFO    | sampled 300000 rows (target 300000) across 7 classes with seed 42
20:16:53 | INFO    | ids2018 ready: {'name': 'ids2018', 'n_rows': 300000, 'n_features': 77, 'order_basis': 'Timestamp', 'dropped_unmapped_rows': 0, 'cleaning': {'rows_in': 11445955, 'rows_out': 11445942, 'rows_dropped': 13, 'non_finite_values': 0, 'rows_dropped_non_finite': 0, 'rows_dropped_duplicate': 13, 'kept_fraction': 0.999999}, 'class_counts': {'Benign': 263858, 'DDoS': 20272, 'DoS': 5132, 'Bot': 3778, 'Infiltration': 3642, 'Brute Force': 2459, 'Web Attack': 859}}
20:16:53 | INFO    | random split: {'mode': 'random', 'seed': 42, 'n_train': 180001, 'n_calibration': 30000, 'n_test': 89999}
20:16:53 | INFO    | random split: {'mode': 'random', 'seed': 42, 'n_train': 179999, 'n_calibration': 30000, 'n_test': 90001}
20:16:54 | INFO    | Dropping 8 uninformative column(s) (all-NaN or constant on train): Bwd Avg Bulk Rate, Bwd Avg Bytes/Bulk, Bwd Avg Packets/Bulk, Bwd PSH Flags, Bwd URG Flags, Fwd Avg Bulk Rate, Fwd Avg Bytes/Bulk, Fwd Avg Packets/Bulk
20:16:54 | INFO    | Preprocessor fitted: 69 features, scaler=standard
20:16:54 | INFO    |   lightgbm is CPU-only -- --accelerator gpu does not apply
20:16:54 | INFO    |   lightgbm has no GPU support in the PyPI wheel -- running on CPU
20:17:14 | INFO    | random seed=42 2017->2017 lightgbm             macro=0.9851 measurable=0.9913 acc=0.9991 (base 0.1294)
20:17:16 | INFO    | random seed=42 2017->2018 lightgbm             macro=0.2952 measurable=0.2952 acc=0.8883 (base 0.1337)
20:17:26 | INFO    | random seed=42 2017->2017 xgboost              macro=0.9857 measurable=0.9921 acc=0.9992 (base 0.1294)
20:17:26 | INFO    | random seed=42 2017->2018 xgboost              macro=0.2923 measurable=0.2923 acc=0.8881 (base 0.1337)
20:17:35 | INFO    | random seed=42 2017->2017 catboost             macro=0.9869 measurable=0.9935 acc=0.9993 (base 0.1294)
20:17:36 | INFO    | random seed=42 2017->2018 catboost             macro=0.1663 measurable=0.1663 acc=0.8814 (base 0.1337)
20:17:36 | INFO    |   random_forest is CPU-only -- --accelerator gpu does not apply
20:17:55 | INFO    | random seed=42 2017->2017 random_forest        macro=0.9816 measurable=0.9873 acc=0.9983 (base 0.1294)
20:17:56 | INFO    | random seed=42 2017->2018 random_forest        macro=0.1773 measurable=0.1773 acc=0.8807 (base 0.1337)
20:17:56 | INFO    |   mlp is CPU-only -- --accelerator gpu does not apply
20:18:10 | INFO    | random seed=42 2017->2017 mlp                  macro=0.8658 measurable=0.9149 acc=0.9880 (base 0.1294)
20:18:11 | INFO    | random seed=42 2017->2018 mlp                  macro=0.1744 measurable=0.1744 acc=0.8762 (base 0.1337)
20:18:11 | INFO    |   logistic_regression is CPU-only -- --accelerator gpu does not apply
20:18:22 | INFO    | random seed=42 2017->2017 logistic_regression  macro=0.6245 measurable=0.6584 acc=0.9740 (base 0.1294)
20:18:23 | INFO    | random seed=42 2017->2018 logistic_regression  macro=0.1371 measurable=0.1371 acc=0.8540 (base 0.1337)
20:19:30 | INFO    | random seed=42 2017->2017 stacking             macro=0.9845 measurable=0.9907 acc=0.9990 (base 0.1294)
20:19:32 | INFO    | random seed=42 2017->2018 stacking             macro=0.2843 measurable=0.2843 acc=0.8869 (base 0.1337)
20:19:32 | INFO    | Dropping 8 uninformative column(s) (all-NaN or constant on train): Bwd Avg Bulk Rate, Bwd Avg Bytes/Bulk, Bwd Avg Packets/Bulk, Bwd PSH Flags, Bwd URG Flags, Fwd Avg Bulk Rate, Fwd Avg Bytes/Bulk, Fwd Avg Packets/Bulk
20:19:32 | INFO    | Preprocessor fitted: 69 features, scaler=standard
20:19:32 | INFO    |   lightgbm is CPU-only -- --accelerator gpu does not apply
20:19:32 | INFO    |   lightgbm has no GPU support in the PyPI wheel -- running on CPU
20:19:51 | INFO    | random seed=42 2018->2017 lightgbm             macro=0.2659 measurable=0.3102 acc=0.8481 (base 0.1294)
20:19:53 | INFO    | random seed=42 2018->2018 lightgbm             macro=0.8612 measurable=0.8612 acc=0.9868 (base 0.1337)
20:20:04 | INFO    | random seed=42 2018->2017 xgboost              macro=0.2914 measurable=0.3400 acc=0.8593 (base 0.1294)
20:20:04 | INFO    | random seed=42 2018->2018 xgboost              macro=0.8645 measurable=0.8645 acc=0.9869 (base 0.1337)
20:20:12 | INFO    | random seed=42 2018->2017 catboost             macro=0.2457 measurable=0.2867 acc=0.8022 (base 0.1294)
20:20:13 | INFO    | random seed=42 2018->2018 catboost             macro=0.8583 measurable=0.8583 acc=0.9871 (base 0.1337)
20:20:13 | INFO    |   random_forest is CPU-only -- --accelerator gpu does not apply
20:20:36 | INFO    | random seed=42 2018->2017 random_forest        macro=0.1490 measurable=0.1738 acc=0.8222 (base 0.1294)
20:20:37 | INFO    | random seed=42 2018->2018 random_forest        macro=0.8643 measurable=0.8643 acc=0.9868 (base 0.1337)
20:20:37 | INFO    |   mlp is CPU-only -- --accelerator gpu does not apply
20:20:44 | INFO    | random seed=42 2018->2017 mlp                  macro=0.2437 measurable=0.2843 acc=0.7650 (base 0.1294)
20:20:44 | INFO    | random seed=42 2018->2018 mlp                  macro=0.8172 measurable=0.8172 acc=0.9849 (base 0.1337)
20:20:44 | INFO    |   logistic_regression is CPU-only -- --accelerator gpu does not apply
20:20:58 | INFO    | random seed=42 2018->2017 logistic_regression  macro=0.2702 measurable=0.3153 acc=0.7762 (base 0.1294)
20:20:58 | INFO    | random seed=42 2018->2018 logistic_regression  macro=0.7718 measurable=0.7718 acc=0.9784 (base 0.1337)
20:22:18 | INFO    | random seed=42 2018->2017 stacking             macro=0.2931 measurable=0.3419 acc=0.8508 (base 0.1294)
20:22:19 | INFO    | random seed=42 2018->2018 stacking             macro=0.8371 measurable=0.8371 acc=0.9865 (base 0.1337)
20:22:19 | INFO    | random split: {'mode': 'random', 'seed': 43, 'n_train': 180001, 'n_calibration': 30000, 'n_test': 89999}
20:22:19 | INFO    | random split: {'mode': 'random', 'seed': 43, 'n_train': 179999, 'n_calibration': 30000, 'n_test': 90001}
20:22:20 | INFO    | Dropping 8 uninformative column(s) (all-NaN or constant on train): Bwd Avg Bulk Rate, Bwd Avg Bytes/Bulk, Bwd Avg Packets/Bulk, Bwd PSH Flags, Bwd URG Flags, Fwd Avg Bulk Rate, Fwd Avg Bytes/Bulk, Fwd Avg Packets/Bulk
20:22:20 | INFO    | Preprocessor fitted: 69 features, scaler=standard
20:22:20 | INFO    |   lightgbm is CPU-only -- --accelerator gpu does not apply
20:22:20 | INFO    |   lightgbm has no GPU support in the PyPI wheel -- running on CPU
20:22:39 | INFO    | random seed=43 2017->2017 lightgbm             macro=0.9931 measurable=0.9920 acc=0.9991 (base 0.1294)
20:22:41 | INFO    | random seed=43 2017->2018 lightgbm             macro=0.2690 measurable=0.2690 acc=0.8860 (base 0.1337)
20:22:51 | INFO    | random seed=43 2017->2017 xgboost              macro=0.9857 measurable=0.9920 acc=0.9991 (base 0.1294)
20:22:51 | INFO    | random seed=43 2017->2018 xgboost              macro=0.1649 measurable=0.1649 acc=0.8810 (base 0.1337)
20:23:01 | INFO    | random seed=43 2017->2017 catboost             macro=0.9670 measurable=0.9909 acc=0.9990 (base 0.1294)
20:23:02 | INFO    | random seed=43 2017->2018 catboost             macro=0.1687 measurable=0.1687 acc=0.8814 (base 0.1337)
20:23:02 | INFO    |   random_forest is CPU-only -- --accelerator gpu does not apply
20:23:27 | INFO    | random seed=43 2017->2017 random_forest        macro=0.9627 measurable=0.9859 acc=0.9981 (base 0.1294)
20:23:28 | INFO    | random seed=43 2017->2018 random_forest        macro=0.1588 measurable=0.1588 acc=0.8808 (base 0.1337)
20:23:28 | INFO    |   mlp is CPU-only -- --accelerator gpu does not apply
20:24:00 | INFO    | random seed=43 2017->2017 mlp                  macro=0.8811 measurable=0.9120 acc=0.9888 (base 0.1294)
20:24:01 | INFO    | random seed=43 2017->2018 mlp                  macro=0.1510 measurable=0.1510 acc=0.8709 (base 0.1337)
20:24:01 | INFO    |   logistic_regression is CPU-only -- --accelerator gpu does not apply
20:24:15 | INFO    | random seed=43 2017->2017 logistic_regression  macro=0.6160 measurable=0.6660 acc=0.9752 (base 0.1294)
20:24:16 | INFO    | random seed=43 2017->2018 logistic_regression  macro=0.1376 measurable=0.1376 acc=0.8536 (base 0.1337)
20:25:55 | INFO    | random seed=43 2017->2017 stacking             macro=0.9836 measurable=0.9896 acc=0.9988 (base 0.1294)
20:25:57 | INFO    | random seed=43 2017->2018 stacking             macro=0.2660 measurable=0.2660 acc=0.8862 (base 0.1337)
20:25:58 | INFO    | Dropping 8 uninformative column(s) (all-NaN or constant on train): Bwd Avg Bulk Rate, Bwd Avg Bytes/Bulk, Bwd Avg Packets/Bulk, Bwd PSH Flags, Bwd URG Flags, Fwd Avg Bulk Rate, Fwd Avg Bytes/Bulk, Fwd Avg Packets/Bulk
20:25:58 | INFO    | Preprocessor fitted: 69 features, scaler=standard
20:25:58 | INFO    |   lightgbm is CPU-only -- --accelerator gpu does not apply
20:25:58 | INFO    |   lightgbm has no GPU support in the PyPI wheel -- running on CPU
20:26:25 | INFO    | random seed=43 2018->2017 lightgbm             macro=0.2578 measurable=0.3008 acc=0.8343 (base 0.1294)
20:26:28 | INFO    | random seed=43 2018->2018 lightgbm             macro=0.8730 measurable=0.8730 acc=0.9869 (base 0.1337)
20:26:46 | INFO    | random seed=43 2018->2017 xgboost              macro=0.2283 measurable=0.2664 acc=0.8125 (base 0.1294)
20:26:47 | INFO    | random seed=43 2018->2018 xgboost              macro=0.8672 measurable=0.8672 acc=0.9864 (base 0.1337)
20:27:02 | INFO    | random seed=43 2018->2017 catboost             macro=0.2524 measurable=0.2945 acc=0.8314 (base 0.1294)
20:27:03 | INFO    | random seed=43 2018->2018 catboost             macro=0.8580 measurable=0.8580 acc=0.9872 (base 0.1337)
20:27:03 | INFO    |   random_forest is CPU-only -- --accelerator gpu does not apply
20:27:35 | INFO    | random seed=43 2018->2017 random_forest        macro=0.1508 measurable=0.1759 acc=0.8245 (base 0.1294)
20:27:36 | INFO    | random seed=43 2018->2018 random_forest        macro=0.8587 measurable=0.8587 acc=0.9866 (base 0.1337)
20:27:36 | INFO    |   mlp is CPU-only -- --accelerator gpu does not apply
20:27:54 | INFO    | random seed=43 2018->2017 mlp                  macro=0.2248 measurable=0.2623 acc=0.6360 (base 0.1294)
20:27:55 | INFO    | random seed=43 2018->2018 mlp                  macro=0.8354 measurable=0.8354 acc=0.9858 (base 0.1337)
20:27:55 | INFO    |   logistic_regression is CPU-only -- --accelerator gpu does not apply
20:28:12 | INFO    | random seed=43 2018->2017 logistic_regression  macro=0.2653 measurable=0.3095 acc=0.7800 (base 0.1294)
20:28:13 | INFO    | random seed=43 2018->2018 logistic_regression  macro=0.7828 measurable=0.7828 acc=0.9783 (base 0.1337)
20:30:01 | INFO    | random seed=43 2018->2017 stacking             macro=0.2738 measurable=0.3195 acc=0.8067 (base 0.1294)
20:30:03 | INFO    | random seed=43 2018->2018 stacking             macro=0.8412 measurable=0.8412 acc=0.9869 (base 0.1337)
20:30:03 | INFO    | random split: {'mode': 'random', 'seed': 44, 'n_train': 180001, 'n_calibration': 30000, 'n_test': 89999}
20:30:04 | INFO    | random split: {'mode': 'random', 'seed': 44, 'n_train': 179999, 'n_calibration': 30000, 'n_test': 90001}
20:30:04 | INFO    | Dropping 8 uninformative column(s) (all-NaN or constant on train): Bwd Avg Bulk Rate, Bwd Avg Bytes/Bulk, Bwd Avg Packets/Bulk, Bwd PSH Flags, Bwd URG Flags, Fwd Avg Bulk Rate, Fwd Avg Bytes/Bulk, Fwd Avg Packets/Bulk
20:30:04 | INFO    | Preprocessor fitted: 69 features, scaler=standard
20:30:04 | INFO    |   lightgbm is CPU-only -- --accelerator gpu does not apply
20:30:04 | INFO    |   lightgbm has no GPU support in the PyPI wheel -- running on CPU
20:30:30 | INFO    | random seed=44 2017->2017 lightgbm             macro=0.9654 measurable=0.9891 acc=0.9989 (base 0.1294)
20:30:33 | INFO    | random seed=44 2017->2018 lightgbm             macro=0.2898 measurable=0.2898 acc=0.8878 (base 0.1337)
20:30:49 | INFO    | random seed=44 2017->2017 xgboost              macro=0.9448 measurable=0.9912 acc=0.9990 (base 0.1294)
20:30:50 | INFO    | random seed=44 2017->2018 xgboost              macro=0.3354 measurable=0.3354 acc=0.8891 (base 0.1337)
20:31:00 | INFO    | random seed=44 2017->2017 catboost             macro=0.9679 measurable=0.9919 acc=0.9990 (base 0.1294)
20:31:01 | INFO    | random seed=44 2017->2018 catboost             macro=0.1775 measurable=0.1775 acc=0.8824 (base 0.1337)
20:31:01 | INFO    |   random_forest is CPU-only -- --accelerator gpu does not apply
20:31:24 | INFO    | random seed=44 2017->2017 random_forest        macro=0.9246 measurable=0.9834 acc=0.9980 (base 0.1294)
20:31:25 | INFO    | random seed=44 2017->2018 random_forest        macro=0.1671 measurable=0.1671 acc=0.8811 (base 0.1337)
20:31:25 | INFO    |   mlp is CPU-only -- --accelerator gpu does not apply
20:31:53 | INFO    | random seed=44 2017->2017 mlp                  macro=0.8623 measurable=0.9171 acc=0.9908 (base 0.1294)
20:31:54 | INFO    | random seed=44 2017->2018 mlp                  macro=0.1476 measurable=0.1476 acc=0.8709 (base 0.1337)
20:31:54 | INFO    |   logistic_regression is CPU-only -- --accelerator gpu does not apply
20:32:06 | INFO    | random seed=44 2017->2017 logistic_regression  macro=0.6210 measurable=0.6620 acc=0.9738 (base 0.1294)
20:32:07 | INFO    | random seed=44 2017->2018 logistic_regression  macro=0.1381 measurable=0.1381 acc=0.8545 (base 0.1337)
20:33:38 | INFO    | random seed=44 2017->2017 stacking             macro=0.9646 measurable=0.9882 acc=0.9987 (base 0.1294)
20:33:43 | INFO    | random seed=44 2017->2018 stacking             macro=0.2892 measurable=0.2892 acc=0.8888 (base 0.1337)
20:33:44 | INFO    | Dropping 8 uninformative column(s) (all-NaN or constant on train): Bwd Avg Bulk Rate, Bwd Avg Bytes/Bulk, Bwd Avg Packets/Bulk, Bwd PSH Flags, Bwd URG Flags, Fwd Avg Bulk Rate, Fwd Avg Bytes/Bulk, Fwd Avg Packets/Bulk
20:33:44 | INFO    | Preprocessor fitted: 69 features, scaler=standard
20:33:44 | INFO    |   lightgbm is CPU-only -- --accelerator gpu does not apply
20:33:44 | INFO    |   lightgbm has no GPU support in the PyPI wheel -- running on CPU
20:34:17 | INFO    | random seed=44 2018->2017 lightgbm             macro=0.2305 measurable=0.2689 acc=0.8393 (base 0.1294)
20:34:20 | INFO    | random seed=44 2018->2018 lightgbm             macro=0.8720 measurable=0.8720 acc=0.9872 (base 0.1337)
20:34:35 | INFO    | random seed=44 2018->2017 xgboost              macro=0.2771 measurable=0.3233 acc=0.8484 (base 0.1294)
20:34:35 | INFO    | random seed=44 2018->2018 xgboost              macro=0.8705 measurable=0.8705 acc=0.9870 (base 0.1337)
20:34:46 | INFO    | random seed=44 2018->2017 catboost             macro=0.2054 measurable=0.2396 acc=0.7856 (base 0.1294)
20:34:47 | INFO    | random seed=44 2018->2018 catboost             macro=0.8614 measurable=0.8614 acc=0.9873 (base 0.1337)
20:34:47 | INFO    |   random_forest is CPU-only -- --accelerator gpu does not apply
20:35:18 | INFO    | random seed=44 2018->2017 random_forest        macro=0.1506 measurable=0.1757 acc=0.8205 (base 0.1294)
20:35:20 | INFO    | random seed=44 2018->2018 random_forest        macro=0.8666 measurable=0.8666 acc=0.9870 (base 0.1337)
20:35:20 | INFO    |   mlp is CPU-only -- --accelerator gpu does not apply
20:35:38 | INFO    | random seed=44 2018->2017 mlp                  macro=0.2471 measurable=0.2883 acc=0.7624 (base 0.1294)
20:35:38 | INFO    | random seed=44 2018->2018 mlp                  macro=0.8096 measurable=0.8096 acc=0.9853 (base 0.1337)
20:35:38 | INFO    |   logistic_regression is CPU-only -- --accelerator gpu does not apply
20:35:54 | INFO    | random seed=44 2018->2017 logistic_regression  macro=0.2670 measurable=0.3115 acc=0.7779 (base 0.1294)
20:35:54 | INFO    | random seed=44 2018->2018 logistic_regression  macro=0.7649 measurable=0.7649 acc=0.9780 (base 0.1337)
20:37:35 | INFO    | random seed=44 2018->2017 stacking             macro=0.3673 measurable=0.4285 acc=0.8688 (base 0.1294)
20:37:37 | INFO    | random seed=44 2018->2018 stacking             macro=0.8353 measurable=0.8353 acc=0.9864 (base 0.1337)
20:37:37 | INFO    | random split: {'mode': 'random', 'seed': 45, 'n_train': 180001, 'n_calibration': 30000, 'n_test': 89999}
20:37:38 | INFO    | random split: {'mode': 'random', 'seed': 45, 'n_train': 179999, 'n_calibration': 30000, 'n_test': 90001}
20:37:38 | INFO    | Dropping 8 uninformative column(s) (all-NaN or constant on train): Bwd Avg Bulk Rate, Bwd Avg Bytes/Bulk, Bwd Avg Packets/Bulk, Bwd PSH Flags, Bwd URG Flags, Fwd Avg Bulk Rate, Fwd Avg Bytes/Bulk, Fwd Avg Packets/Bulk
20:37:38 | INFO    | Preprocessor fitted: 69 features, scaler=standard
20:37:38 | INFO    |   lightgbm is CPU-only -- --accelerator gpu does not apply
20:37:38 | INFO    |   lightgbm has no GPU support in the PyPI wheel -- running on CPU
20:38:04 | INFO    | random seed=45 2017->2017 lightgbm             macro=0.9763 measurable=0.9909 acc=0.9991 (base 0.1294)
20:38:06 | INFO    | random seed=45 2017->2018 lightgbm             macro=0.3018 measurable=0.3018 acc=0.8888 (base 0.1337)
20:38:17 | INFO    | random seed=45 2017->2017 xgboost              macro=0.9760 measurable=0.9905 acc=0.9991 (base 0.1294)
20:38:18 | INFO    | random seed=45 2017->2018 xgboost              macro=0.2698 measurable=0.2698 acc=0.8859 (base 0.1337)
20:38:27 | INFO    | random seed=45 2017->2017 catboost             macro=0.9682 measurable=0.9923 acc=0.9991 (base 0.1294)
20:38:28 | INFO    | random seed=45 2017->2018 catboost             macro=0.1754 measurable=0.1754 acc=0.8821 (base 0.1337)
20:38:28 | INFO    |   random_forest is CPU-only -- --accelerator gpu does not apply
20:38:48 | INFO    | random seed=45 2017->2017 random_forest        macro=0.9622 measurable=0.9853 acc=0.9982 (base 0.1294)
20:38:49 | INFO    | random seed=45 2017->2018 random_forest        macro=0.1721 measurable=0.1721 acc=0.8807 (base 0.1337)
20:38:49 | INFO    |   mlp is CPU-only -- --accelerator gpu does not apply
20:39:11 | INFO    | random seed=45 2017->2017 mlp                  macro=0.8933 measurable=0.9172 acc=0.9904 (base 0.1294)
20:39:12 | INFO    | random seed=45 2017->2018 mlp                  macro=0.2351 measurable=0.2351 acc=0.8834 (base 0.1337)
20:39:12 | INFO    |   logistic_regression is CPU-only -- --accelerator gpu does not apply
20:39:22 | INFO    | random seed=45 2017->2017 logistic_regression  macro=0.5849 measurable=0.6586 acc=0.9750 (base 0.1294)
20:39:23 | INFO    | random seed=45 2017->2018 logistic_regression  macro=0.1385 measurable=0.1385 acc=0.8531 (base 0.1337)
20:40:44 | INFO    | random seed=45 2017->2017 stacking             macro=0.9746 measurable=0.9888 acc=0.9988 (base 0.1294)
20:40:46 | INFO    | random seed=45 2017->2018 stacking             macro=0.2929 measurable=0.2929 acc=0.8887 (base 0.1337)
20:40:46 | INFO    | Dropping 8 uninformative column(s) (all-NaN or constant on train): Bwd Avg Bulk Rate, Bwd Avg Bytes/Bulk, Bwd Avg Packets/Bulk, Bwd PSH Flags, Bwd URG Flags, Fwd Avg Bulk Rate, Fwd Avg Bytes/Bulk, Fwd Avg Packets/Bulk
20:40:46 | INFO    | Preprocessor fitted: 69 features, scaler=standard
20:40:46 | INFO    |   lightgbm is CPU-only -- --accelerator gpu does not apply
20:40:46 | INFO    |   lightgbm has no GPU support in the PyPI wheel -- running on CPU
20:41:07 | INFO    | random seed=45 2018->2017 lightgbm             macro=0.3744 measurable=0.4368 acc=0.8644 (base 0.1294)
20:41:10 | INFO    | random seed=45 2018->2018 lightgbm             macro=0.8731 measurable=0.8731 acc=0.9871 (base 0.1337)
20:41:22 | INFO    | random seed=45 2018->2017 xgboost              macro=0.2750 measurable=0.3208 acc=0.8427 (base 0.1294)
20:41:23 | INFO    | random seed=45 2018->2018 xgboost              macro=0.8665 measurable=0.8665 acc=0.9867 (base 0.1337)
20:41:31 | INFO    | random seed=45 2018->2017 catboost             macro=0.2432 measurable=0.2838 acc=0.8005 (base 0.1294)
20:41:32 | INFO    | random seed=45 2018->2018 catboost             macro=0.8600 measurable=0.8600 acc=0.9873 (base 0.1337)
20:41:32 | INFO    |   random_forest is CPU-only -- --accelerator gpu does not apply
20:42:00 | INFO    | random seed=45 2018->2017 random_forest        macro=0.1511 measurable=0.1763 acc=0.8223 (base 0.1294)
20:42:02 | INFO    | random seed=45 2018->2018 random_forest        macro=0.8661 measurable=0.8661 acc=0.9870 (base 0.1337)
20:42:02 | INFO    |   mlp is CPU-only -- --accelerator gpu does not apply
20:42:11 | INFO    | random seed=45 2018->2017 mlp                  macro=0.2121 measurable=0.2474 acc=0.7926 (base 0.1294)
20:42:12 | INFO    | random seed=45 2018->2018 mlp                  macro=0.8083 measurable=0.8083 acc=0.9849 (base 0.1337)
20:42:12 | INFO    |   logistic_regression is CPU-only -- --accelerator gpu does not apply
20:42:26 | INFO    | random seed=45 2018->2017 logistic_regression  macro=0.2073 measurable=0.2418 acc=0.7584 (base 0.1294)
20:42:27 | INFO    | random seed=45 2018->2018 logistic_regression  macro=0.7848 measurable=0.7848 acc=0.9784 (base 0.1337)
20:43:50 | INFO    | random seed=45 2018->2017 stacking             macro=0.3099 measurable=0.3615 acc=0.8625 (base 0.1294)
20:43:52 | INFO    | random seed=45 2018->2018 stacking             macro=0.8380 measurable=0.8380 acc=0.9868 (base 0.1337)
20:43:52 | INFO    | random split: {'mode': 'random', 'seed': 46, 'n_train': 180001, 'n_calibration': 30000, 'n_test': 89999}
20:43:52 | INFO    | random split: {'mode': 'random', 'seed': 46, 'n_train': 179999, 'n_calibration': 30000, 'n_test': 90001}
20:43:53 | INFO    | Dropping 8 uninformative column(s) (all-NaN or constant on train): Bwd Avg Bulk Rate, Bwd Avg Bytes/Bulk, Bwd Avg Packets/Bulk, Bwd PSH Flags, Bwd URG Flags, Fwd Avg Bulk Rate, Fwd Avg Bytes/Bulk, Fwd Avg Packets/Bulk
20:43:53 | INFO    | Preprocessor fitted: 69 features, scaler=standard
20:43:53 | INFO    |   lightgbm is CPU-only -- --accelerator gpu does not apply
20:43:53 | INFO    |   lightgbm has no GPU support in the PyPI wheel -- running on CPU
20:44:13 | INFO    | random seed=46 2017->2017 lightgbm             macro=0.9677 measurable=0.9918 acc=0.9990 (base 0.1294)
20:44:15 | INFO    | random seed=46 2017->2018 lightgbm             macro=0.3531 measurable=0.3531 acc=0.8938 (base 0.1337)
20:44:25 | INFO    | random seed=46 2017->2017 xgboost              macro=0.9659 measurable=0.9896 acc=0.9989 (base 0.1294)
20:44:26 | INFO    | random seed=46 2017->2018 xgboost              macro=0.3031 measurable=0.3031 acc=0.8889 (base 0.1337)
20:44:35 | INFO    | random seed=46 2017->2017 catboost             macro=0.9572 measurable=0.9918 acc=0.9990 (base 0.1294)
20:44:36 | INFO    | random seed=46 2017->2018 catboost             macro=0.1762 measurable=0.1762 acc=0.8821 (base 0.1337)
20:44:36 | INFO    |   random_forest is CPU-only -- --accelerator gpu does not apply
20:44:55 | INFO    | random seed=46 2017->2017 random_forest        macro=0.9519 measurable=0.9856 acc=0.9981 (base 0.1294)
20:44:57 | INFO    | random seed=46 2017->2018 random_forest        macro=0.1835 measurable=0.1835 acc=0.8815 (base 0.1337)
20:44:57 | INFO    |   mlp is CPU-only -- --accelerator gpu does not apply
20:45:09 | INFO    | random seed=46 2017->2017 mlp                  macro=0.8696 measurable=0.9104 acc=0.9873 (base 0.1294)
20:45:09 | INFO    | random seed=46 2017->2018 mlp                  macro=0.1661 measurable=0.1661 acc=0.8735 (base 0.1337)
20:45:09 | INFO    |   logistic_regression is CPU-only -- --accelerator gpu does not apply
20:45:21 | INFO    | random seed=46 2017->2017 logistic_regression  macro=0.6070 measurable=0.6665 acc=0.9747 (base 0.1294)
20:45:21 | INFO    | random seed=46 2017->2018 logistic_regression  macro=0.1389 measurable=0.1389 acc=0.8540 (base 0.1337)
20:46:38 | INFO    | random seed=46 2017->2017 stacking             macro=0.9653 measurable=0.9890 acc=0.9988 (base 0.1294)
20:46:40 | INFO    | random seed=46 2017->2018 stacking             macro=0.2879 measurable=0.2879 acc=0.8885 (base 0.1337)
20:46:40 | INFO    | Dropping 8 uninformative column(s) (all-NaN or constant on train): Bwd Avg Bulk Rate, Bwd Avg Bytes/Bulk, Bwd Avg Packets/Bulk, Bwd PSH Flags, Bwd URG Flags, Fwd Avg Bulk Rate, Fwd Avg Bytes/Bulk, Fwd Avg Packets/Bulk
20:46:40 | INFO    | Preprocessor fitted: 69 features, scaler=standard
20:46:40 | INFO    |   lightgbm is CPU-only -- --accelerator gpu does not apply
20:46:40 | INFO    |   lightgbm has no GPU support in the PyPI wheel -- running on CPU
20:47:00 | INFO    | random seed=46 2018->2017 lightgbm             macro=0.3333 measurable=0.3889 acc=0.8480 (base 0.1294)
20:47:02 | INFO    | random seed=46 2018->2018 lightgbm             macro=0.8687 measurable=0.8687 acc=0.9866 (base 0.1337)
20:47:14 | INFO    | random seed=46 2018->2017 xgboost              macro=0.2589 measurable=0.3020 acc=0.7792 (base 0.1294)
20:47:15 | INFO    | random seed=46 2018->2018 xgboost              macro=0.8682 measurable=0.8682 acc=0.9869 (base 0.1337)
20:47:24 | INFO    | random seed=46 2018->2017 catboost             macro=0.2166 measurable=0.2527 acc=0.7656 (base 0.1294)
20:47:24 | INFO    | random seed=46 2018->2018 catboost             macro=0.8574 measurable=0.8574 acc=0.9870 (base 0.1337)
20:47:24 | INFO    |   random_forest is CPU-only -- --accelerator gpu does not apply
20:47:50 | INFO    | random seed=46 2018->2017 random_forest        macro=0.1525 measurable=0.1779 acc=0.8210 (base 0.1294)
20:47:51 | INFO    | random seed=46 2018->2018 random_forest        macro=0.8565 measurable=0.8565 acc=0.9866 (base 0.1337)
20:47:51 | INFO    |   mlp is CPU-only -- --accelerator gpu does not apply
20:48:06 | INFO    | random seed=46 2018->2017 mlp                  macro=0.2122 measurable=0.2476 acc=0.7675 (base 0.1294)
20:48:06 | INFO    | random seed=46 2018->2018 mlp                  macro=0.8325 measurable=0.8325 acc=0.9854 (base 0.1337)
20:48:06 | INFO    |   logistic_regression is CPU-only -- --accelerator gpu does not apply
20:48:20 | INFO    | random seed=46 2018->2017 logistic_regression  macro=0.2621 measurable=0.3058 acc=0.7680 (base 0.1294)
20:48:21 | INFO    | random seed=46 2018->2018 logistic_regression  macro=0.7833 measurable=0.7833 acc=0.9779 (base 0.1337)
20:49:44 | INFO    | random seed=46 2018->2017 stacking             macro=0.2914 measurable=0.3399 acc=0.7537 (base 0.1294)
20:49:45 | INFO    | random seed=46 2018->2018 stacking             macro=0.8426 measurable=0.8426 acc=0.9866 (base 0.1337)
20:49:46 | INFO    | chronological split: {'mode': 'chronological', 'seed': 0, 'n_train': 180002, 'n_calibration': 30000, 'n_test': 89998}
20:49:46 | INFO    | chronological split: {'mode': 'chronological', 'seed': 0, 'n_train': 180000, 'n_calibration': 29998, 'n_test': 90002}
20:49:46 | INFO    | Dropping 8 uninformative column(s) (all-NaN or constant on train): Bwd Avg Bulk Rate, Bwd Avg Bytes/Bulk, Bwd Avg Packets/Bulk, Bwd PSH Flags, Bwd URG Flags, Fwd Avg Bulk Rate, Fwd Avg Bytes/Bulk, Fwd Avg Packets/Bulk
20:49:46 | INFO    | Preprocessor fitted: 69 features, scaler=standard
20:49:46 | INFO    |   lightgbm is CPU-only -- --accelerator gpu does not apply
20:49:46 | INFO    |   lightgbm has no GPU support in the PyPI wheel -- running on CPU
20:50:05 | INFO    | chronological seed=42 2017->2017 lightgbm             macro=0.7317 measurable=0.6870 acc=0.9547 (base 0.1294)
20:50:07 | INFO    | chronological seed=42 2017->2018 lightgbm             macro=0.3204 measurable=0.3204 acc=0.8948 (base 0.1337)
20:50:17 | INFO    | chronological seed=42 2017->2017 xgboost              macro=0.7167 measurable=0.6881 acc=0.9562 (base 0.1294)
20:50:17 | INFO    | chronological seed=42 2017->2018 xgboost              macro=0.1713 measurable=0.1713 acc=0.8817 (base 0.1337)
20:50:26 | INFO    | chronological seed=42 2017->2017 catboost             macro=0.7125 measurable=0.6940 acc=0.9575 (base 0.1294)
20:50:27 | INFO    | chronological seed=42 2017->2018 catboost             macro=0.1725 measurable=0.1725 acc=0.8819 (base 0.1337)
20:50:27 | INFO    |   random_forest is CPU-only -- --accelerator gpu does not apply
20:50:48 | INFO    | chronological seed=42 2017->2017 random_forest        macro=0.6488 measurable=0.6801 acc=0.9505 (base 0.1294)
20:50:49 | INFO    | chronological seed=42 2017->2018 random_forest        macro=0.1717 measurable=0.1717 acc=0.8818 (base 0.1337)
20:50:49 | INFO    |   mlp is CPU-only -- --accelerator gpu does not apply
20:51:17 | INFO    | chronological seed=42 2017->2017 mlp                  macro=0.6084 measurable=0.6145 acc=0.9306 (base 0.1294)
20:51:18 | INFO    | chronological seed=42 2017->2018 mlp                  macro=0.1735 measurable=0.1735 acc=0.8809 (base 0.1337)
20:51:18 | INFO    |   logistic_regression is CPU-only -- --accelerator gpu does not apply
20:51:29 | INFO    | chronological seed=42 2017->2017 logistic_regression  macro=0.4050 measurable=0.4725 acc=0.9326 (base 0.1294)
20:51:30 | INFO    | chronological seed=42 2017->2018 logistic_regression  macro=0.1508 measurable=0.1508 acc=0.8662 (base 0.1337)
20:52:43 | INFO    | chronological seed=42 2017->2017 stacking             macro=0.7284 measurable=0.6919 acc=0.9566 (base 0.1294)
20:52:45 | INFO    | chronological seed=42 2017->2018 stacking             macro=0.1706 measurable=0.1706 acc=0.8815 (base 0.1337)
20:52:45 | INFO    | Dropping 8 uninformative column(s) (all-NaN or constant on train): Bwd Avg Bulk Rate, Bwd Avg Bytes/Bulk, Bwd Avg Packets/Bulk, Bwd PSH Flags, Bwd URG Flags, Fwd Avg Bulk Rate, Fwd Avg Bytes/Bulk, Fwd Avg Packets/Bulk
20:52:45 | INFO    | Preprocessor fitted: 69 features, scaler=standard
20:52:46 | INFO    |   lightgbm is CPU-only -- --accelerator gpu does not apply
20:52:46 | INFO    |   lightgbm has no GPU support in the PyPI wheel -- running on CPU
20:53:06 | INFO    | chronological seed=42 2018->2017 lightgbm             macro=0.4404 measurable=0.5138 acc=0.8716 (base 0.1294)
20:53:08 | INFO    | chronological seed=42 2018->2018 lightgbm             macro=0.8596 measurable=0.8596 acc=0.9855 (base 0.1337)
20:53:22 | INFO    | chronological seed=42 2018->2017 xgboost              macro=0.3430 measurable=0.4002 acc=0.8713 (base 0.1294)
20:53:23 | INFO    | chronological seed=42 2018->2018 xgboost              macro=0.8572 measurable=0.8572 acc=0.9849 (base 0.1337)
20:53:32 | INFO    | chronological seed=42 2018->2017 catboost             macro=0.2223 measurable=0.2594 acc=0.8453 (base 0.1294)
20:53:32 | INFO    | chronological seed=42 2018->2018 catboost             macro=0.8469 measurable=0.8469 acc=0.9848 (base 0.1337)
20:53:32 | INFO    |   random_forest is CPU-only -- --accelerator gpu does not apply
20:54:00 | INFO    | chronological seed=42 2018->2017 random_forest        macro=0.1675 measurable=0.1955 acc=0.8293 (base 0.1294)
20:54:01 | INFO    | chronological seed=42 2018->2018 random_forest        macro=0.8421 measurable=0.8421 acc=0.9830 (base 0.1337)
20:54:01 | INFO    |   mlp is CPU-only -- --accelerator gpu does not apply
20:54:23 | INFO    | chronological seed=42 2018->2017 mlp                  macro=0.3103 measurable=0.3620 acc=0.8479 (base 0.1294)
20:54:23 | INFO    | chronological seed=42 2018->2018 mlp                  macro=0.8227 measurable=0.8227 acc=0.9829 (base 0.1337)
20:54:23 | INFO    |   logistic_regression is CPU-only -- --accelerator gpu does not apply
20:54:36 | INFO    | chronological seed=42 2018->2017 logistic_regression  macro=0.3493 measurable=0.4075 acc=0.8354 (base 0.1294)
20:54:37 | INFO    | chronological seed=42 2018->2018 logistic_regression  macro=0.7511 measurable=0.7511 acc=0.9771 (base 0.1337)
20:55:51 | INFO    | chronological seed=42 2018->2017 stacking             macro=0.3340 measurable=0.3896 acc=0.8307 (base 0.1294)
20:55:53 | INFO    | chronological seed=42 2018->2018 stacking             macro=0.8301 measurable=0.8301 acc=0.9859 (base 0.1337)
20:55:53 | INFO    | Dropping 8 uninformative column(s) (all-NaN or constant on train): Bwd Avg Bulk Rate, Bwd Avg Bytes/Bulk, Bwd Avg Packets/Bulk, Bwd PSH Flags, Bwd URG Flags, Fwd Avg Bulk Rate, Fwd Avg Bytes/Bulk, Fwd Avg Packets/Bulk
20:55:53 | INFO    | Preprocessor fitted: 69 features, scaler=standard
20:55:53 | INFO    |   lightgbm is CPU-only -- --accelerator gpu does not apply
20:55:53 | INFO    |   lightgbm has no GPU support in the PyPI wheel -- running on CPU
20:56:11 | INFO    | chronological seed=43 2017->2017 lightgbm             macro=0.7332 measurable=0.6887 acc=0.9556 (base 0.1294)
20:56:14 | INFO    | chronological seed=43 2017->2018 lightgbm             macro=0.1775 measurable=0.1775 acc=0.8822 (base 0.1337)
20:56:23 | INFO    | chronological seed=43 2017->2017 xgboost              macro=0.7155 measurable=0.6866 acc=0.9562 (base 0.1294)
20:56:24 | INFO    | chronological seed=43 2017->2018 xgboost              macro=0.1711 measurable=0.1711 acc=0.8817 (base 0.1337)
20:56:32 | INFO    | chronological seed=43 2017->2017 catboost             macro=0.7119 measurable=0.6933 acc=0.9570 (base 0.1294)
20:56:33 | INFO    | chronological seed=43 2017->2018 catboost             macro=0.1725 measurable=0.1725 acc=0.8820 (base 0.1337)
20:56:33 | INFO    |   random_forest is CPU-only -- --accelerator gpu does not apply
20:56:52 | INFO    | chronological seed=43 2017->2017 random_forest        macro=0.6657 measurable=0.6814 acc=0.9502 (base 0.1294)
20:56:53 | INFO    | chronological seed=43 2017->2018 random_forest        macro=0.1717 measurable=0.1717 acc=0.8818 (base 0.1337)
20:56:53 | INFO    |   mlp is CPU-only -- --accelerator gpu does not apply
20:57:06 | INFO    | chronological seed=43 2017->2017 mlp                  macro=0.5795 measurable=0.6205 acc=0.9341 (base 0.1294)
20:57:07 | INFO    | chronological seed=43 2017->2018 mlp                  macro=0.1753 measurable=0.1753 acc=0.8815 (base 0.1337)
20:57:07 | INFO    |   logistic_regression is CPU-only -- --accelerator gpu does not apply
20:57:18 | INFO    | chronological seed=43 2017->2017 logistic_regression  macro=0.4050 measurable=0.4725 acc=0.9326 (base 0.1294)
20:57:19 | INFO    | chronological seed=43 2017->2018 logistic_regression  macro=0.1508 measurable=0.1508 acc=0.8662 (base 0.1337)
20:58:41 | INFO    | chronological seed=43 2017->2017 stacking             macro=0.7206 measurable=0.6926 acc=0.9566 (base 0.1294)
20:58:43 | INFO    | chronological seed=43 2017->2018 stacking             macro=0.1719 measurable=0.1719 acc=0.8816 (base 0.1337)
20:58:44 | INFO    | Dropping 8 uninformative column(s) (all-NaN or constant on train): Bwd Avg Bulk Rate, Bwd Avg Bytes/Bulk, Bwd Avg Packets/Bulk, Bwd PSH Flags, Bwd URG Flags, Fwd Avg Bulk Rate, Fwd Avg Bytes/Bulk, Fwd Avg Packets/Bulk
20:58:44 | INFO    | Preprocessor fitted: 69 features, scaler=standard
20:58:44 | INFO    |   lightgbm is CPU-only -- --accelerator gpu does not apply
20:58:44 | INFO    |   lightgbm has no GPU support in the PyPI wheel -- running on CPU
20:59:08 | INFO    | chronological seed=43 2018->2017 lightgbm             macro=0.4396 measurable=0.5128 acc=0.8684 (base 0.1294)
20:59:12 | INFO    | chronological seed=43 2018->2018 lightgbm             macro=0.8600 measurable=0.8600 acc=0.9855 (base 0.1337)
20:59:24 | INFO    | chronological seed=43 2018->2017 xgboost              macro=0.3427 measurable=0.3998 acc=0.8219 (base 0.1294)
20:59:25 | INFO    | chronological seed=43 2018->2018 xgboost              macro=0.8526 measurable=0.8526 acc=0.9839 (base 0.1337)
20:59:34 | INFO    | chronological seed=43 2018->2017 catboost             macro=0.2290 measurable=0.2671 acc=0.8498 (base 0.1294)
20:59:35 | INFO    | chronological seed=43 2018->2018 catboost             macro=0.8543 measurable=0.8543 acc=0.9856 (base 0.1337)
20:59:35 | INFO    |   random_forest is CPU-only -- --accelerator gpu does not apply
21:00:00 | INFO    | chronological seed=43 2018->2017 random_forest        macro=0.1689 measurable=0.1971 acc=0.8289 (base 0.1294)
21:00:01 | INFO    | chronological seed=43 2018->2018 random_forest        macro=0.8399 measurable=0.8399 acc=0.9829 (base 0.1337)
21:00:01 | INFO    |   mlp is CPU-only -- --accelerator gpu does not apply
21:00:28 | INFO    | chronological seed=43 2018->2017 mlp                  macro=0.2986 measurable=0.3483 acc=0.7605 (base 0.1294)
21:00:29 | INFO    | chronological seed=43 2018->2018 mlp                  macro=0.8201 measurable=0.8201 acc=0.9829 (base 0.1337)
21:00:29 | INFO    |   logistic_regression is CPU-only -- --accelerator gpu does not apply
21:00:42 | INFO    | chronological seed=43 2018->2017 logistic_regression  macro=0.3493 measurable=0.4075 acc=0.8354 (base 0.1294)
21:00:42 | INFO    | chronological seed=43 2018->2018 logistic_regression  macro=0.7511 measurable=0.7511 acc=0.9771 (base 0.1337)
21:02:00 | INFO    | chronological seed=43 2018->2017 stacking             macro=0.3572 measurable=0.4167 acc=0.7071 (base 0.1294)
21:02:01 | INFO    | chronological seed=43 2018->2018 stacking             macro=0.8287 measurable=0.8287 acc=0.9855 (base 0.1337)
21:02:02 | INFO    | Dropping 8 uninformative column(s) (all-NaN or constant on train): Bwd Avg Bulk Rate, Bwd Avg Bytes/Bulk, Bwd Avg Packets/Bulk, Bwd PSH Flags, Bwd URG Flags, Fwd Avg Bulk Rate, Fwd Avg Bytes/Bulk, Fwd Avg Packets/Bulk
21:02:02 | INFO    | Preprocessor fitted: 69 features, scaler=standard
21:02:02 | INFO    |   lightgbm is CPU-only -- --accelerator gpu does not apply
21:02:02 | INFO    |   lightgbm has no GPU support in the PyPI wheel -- running on CPU
21:02:20 | INFO    | chronological seed=44 2017->2017 lightgbm             macro=0.7325 measurable=0.6879 acc=0.9552 (base 0.1294)
21:02:23 | INFO    | chronological seed=44 2017->2018 lightgbm             macro=0.1766 measurable=0.1766 acc=0.8822 (base 0.1337)
21:02:32 | INFO    | chronological seed=44 2017->2017 xgboost              macro=0.7165 measurable=0.6878 acc=0.9562 (base 0.1294)
21:02:33 | INFO    | chronological seed=44 2017->2018 xgboost              macro=0.1713 measurable=0.1713 acc=0.8817 (base 0.1337)
21:02:41 | INFO    | chronological seed=44 2017->2017 catboost             macro=0.7128 measurable=0.6943 acc=0.9576 (base 0.1294)
21:02:42 | INFO    | chronological seed=44 2017->2018 catboost             macro=0.1734 measurable=0.1734 acc=0.8820 (base 0.1337)
21:02:42 | INFO    |   random_forest is CPU-only -- --accelerator gpu does not apply
21:03:03 | INFO    | chronological seed=44 2017->2017 random_forest        macro=0.6656 measurable=0.6813 acc=0.9507 (base 0.1294)
21:03:04 | INFO    | chronological seed=44 2017->2018 random_forest        macro=0.1717 measurable=0.1717 acc=0.8818 (base 0.1337)
21:03:04 | INFO    |   mlp is CPU-only -- --accelerator gpu does not apply
21:03:30 | INFO    | chronological seed=44 2017->2017 mlp                  macro=0.5921 measurable=0.6139 acc=0.9302 (base 0.1294)
21:03:31 | INFO    | chronological seed=44 2017->2018 mlp                  macro=0.1759 measurable=0.1759 acc=0.8820 (base 0.1337)
21:03:31 | INFO    |   logistic_regression is CPU-only -- --accelerator gpu does not apply
21:03:42 | INFO    | chronological seed=44 2017->2017 logistic_regression  macro=0.4050 measurable=0.4725 acc=0.9326 (base 0.1294)
21:03:43 | INFO    | chronological seed=44 2017->2018 logistic_regression  macro=0.1508 measurable=0.1508 acc=0.8662 (base 0.1337)
21:04:52 | INFO    | chronological seed=44 2017->2017 stacking             macro=0.7205 measurable=0.6925 acc=0.9568 (base 0.1294)
21:04:54 | INFO    | chronological seed=44 2017->2018 stacking             macro=0.1713 measurable=0.1713 acc=0.8814 (base 0.1337)
21:04:54 | INFO    | Dropping 8 uninformative column(s) (all-NaN or constant on train): Bwd Avg Bulk Rate, Bwd Avg Bytes/Bulk, Bwd Avg Packets/Bulk, Bwd PSH Flags, Bwd URG Flags, Fwd Avg Bulk Rate, Fwd Avg Bytes/Bulk, Fwd Avg Packets/Bulk
21:04:54 | INFO    | Preprocessor fitted: 69 features, scaler=standard
21:04:54 | INFO    |   lightgbm is CPU-only -- --accelerator gpu does not apply
21:04:54 | INFO    |   lightgbm has no GPU support in the PyPI wheel -- running on CPU
21:05:13 | INFO    | chronological seed=44 2018->2017 lightgbm             macro=0.4537 measurable=0.5294 acc=0.8748 (base 0.1294)
21:05:15 | INFO    | chronological seed=44 2018->2018 lightgbm             macro=0.8592 measurable=0.8592 acc=0.9854 (base 0.1337)
21:05:27 | INFO    | chronological seed=44 2018->2017 xgboost              macro=0.3741 measurable=0.4364 acc=0.8787 (base 0.1294)
21:05:27 | INFO    | chronological seed=44 2018->2018 xgboost              macro=0.8561 measurable=0.8561 acc=0.9850 (base 0.1337)
21:05:36 | INFO    | chronological seed=44 2018->2017 catboost             macro=0.2201 measurable=0.2567 acc=0.8238 (base 0.1294)
21:05:36 | INFO    | chronological seed=44 2018->2018 catboost             macro=0.8460 measurable=0.8460 acc=0.9848 (base 0.1337)
21:05:36 | INFO    |   random_forest is CPU-only -- --accelerator gpu does not apply
21:05:59 | INFO    | chronological seed=44 2018->2017 random_forest        macro=0.1682 measurable=0.1962 acc=0.8283 (base 0.1294)
21:06:00 | INFO    | chronological seed=44 2018->2018 random_forest        macro=0.8440 measurable=0.8440 acc=0.9830 (base 0.1337)
21:06:00 | INFO    |   mlp is CPU-only -- --accelerator gpu does not apply
21:06:14 | INFO    | chronological seed=44 2018->2017 mlp                  macro=0.3535 measurable=0.4124 acc=0.7640 (base 0.1294)
21:06:15 | INFO    | chronological seed=44 2018->2018 mlp                  macro=0.8099 measurable=0.8099 acc=0.9828 (base 0.1337)
21:06:15 | INFO    |   logistic_regression is CPU-only -- --accelerator gpu does not apply
21:06:28 | INFO    | chronological seed=44 2018->2017 logistic_regression  macro=0.3493 measurable=0.4075 acc=0.8354 (base 0.1294)
21:06:28 | INFO    | chronological seed=44 2018->2018 logistic_regression  macro=0.7511 measurable=0.7511 acc=0.9771 (base 0.1337)
21:07:45 | INFO    | chronological seed=44 2018->2017 stacking             macro=0.3956 measurable=0.4616 acc=0.7613 (base 0.1294)
21:07:47 | INFO    | chronological seed=44 2018->2018 stacking             macro=0.8295 measurable=0.8295 acc=0.9860 (base 0.1337)
21:07:47 | INFO    | Dropping 8 uninformative column(s) (all-NaN or constant on train): Bwd Avg Bulk Rate, Bwd Avg Bytes/Bulk, Bwd Avg Packets/Bulk, Bwd PSH Flags, Bwd URG Flags, Fwd Avg Bulk Rate, Fwd Avg Bytes/Bulk, Fwd Avg Packets/Bulk
21:07:47 | INFO    | Preprocessor fitted: 69 features, scaler=standard
21:07:48 | INFO    |   lightgbm is CPU-only -- --accelerator gpu does not apply
21:07:48 | INFO    |   lightgbm has no GPU support in the PyPI wheel -- running on CPU
21:08:06 | INFO    | chronological seed=45 2017->2017 lightgbm             macro=0.7333 measurable=0.6889 acc=0.9551 (base 0.1294)
21:08:08 | INFO    | chronological seed=45 2017->2018 lightgbm             macro=0.1776 measurable=0.1776 acc=0.8817 (base 0.1337)
21:08:17 | INFO    | chronological seed=45 2017->2017 xgboost              macro=0.7117 measurable=0.6821 acc=0.9555 (base 0.1294)
21:08:17 | INFO    | chronological seed=45 2017->2018 xgboost              macro=0.1713 measurable=0.1713 acc=0.8818 (base 0.1337)
21:08:26 | INFO    | chronological seed=45 2017->2017 catboost             macro=0.7222 measurable=0.6944 acc=0.9577 (base 0.1294)
21:08:26 | INFO    | chronological seed=45 2017->2018 catboost             macro=0.1733 measurable=0.1733 acc=0.8820 (base 0.1337)
21:08:26 | INFO    |   random_forest is CPU-only -- --accelerator gpu does not apply
21:08:47 | INFO    | chronological seed=45 2017->2017 random_forest        macro=0.6662 measurable=0.6820 acc=0.9502 (base 0.1294)
21:08:48 | INFO    | chronological seed=45 2017->2018 random_forest        macro=0.1719 measurable=0.1719 acc=0.8818 (base 0.1337)
21:08:48 | INFO    |   mlp is CPU-only -- --accelerator gpu does not apply
21:09:00 | INFO    | chronological seed=45 2017->2017 mlp                  macro=0.5344 measurable=0.6234 acc=0.9319 (base 0.1294)
21:09:00 | INFO    | chronological seed=45 2017->2018 mlp                  macro=0.1756 measurable=0.1756 acc=0.8816 (base 0.1337)
21:09:00 | INFO    |   logistic_regression is CPU-only -- --accelerator gpu does not apply
21:09:12 | INFO    | chronological seed=45 2017->2017 logistic_regression  macro=0.4050 measurable=0.4725 acc=0.9326 (base 0.1294)
21:09:12 | INFO    | chronological seed=45 2017->2018 logistic_regression  macro=0.1508 measurable=0.1508 acc=0.8662 (base 0.1337)
21:10:19 | INFO    | chronological seed=45 2017->2017 stacking             macro=0.7198 measurable=0.6916 acc=0.9565 (base 0.1294)
21:10:21 | INFO    | chronological seed=45 2017->2018 stacking             macro=0.1725 measurable=0.1725 acc=0.8815 (base 0.1337)
21:10:21 | INFO    | Dropping 8 uninformative column(s) (all-NaN or constant on train): Bwd Avg Bulk Rate, Bwd Avg Bytes/Bulk, Bwd Avg Packets/Bulk, Bwd PSH Flags, Bwd URG Flags, Fwd Avg Bulk Rate, Fwd Avg Bytes/Bulk, Fwd Avg Packets/Bulk
21:10:21 | INFO    | Preprocessor fitted: 69 features, scaler=standard
21:10:21 | INFO    |   lightgbm is CPU-only -- --accelerator gpu does not apply
21:10:21 | INFO    |   lightgbm has no GPU support in the PyPI wheel -- running on CPU
21:10:38 | INFO    | chronological seed=45 2018->2017 lightgbm             macro=0.4487 measurable=0.5235 acc=0.8733 (base 0.1294)
21:10:40 | INFO    | chronological seed=45 2018->2018 lightgbm             macro=0.8603 measurable=0.8603 acc=0.9856 (base 0.1337)
21:10:52 | INFO    | chronological seed=45 2018->2017 xgboost              macro=0.3831 measurable=0.4469 acc=0.8916 (base 0.1294)
21:10:53 | INFO    | chronological seed=45 2018->2018 xgboost              macro=0.8517 measurable=0.8517 acc=0.9839 (base 0.1337)
21:11:01 | INFO    | chronological seed=45 2018->2017 catboost             macro=0.2181 measurable=0.2545 acc=0.7981 (base 0.1294)
21:11:02 | INFO    | chronological seed=45 2018->2018 catboost             macro=0.8462 measurable=0.8462 acc=0.9850 (base 0.1337)
21:11:02 | INFO    |   random_forest is CPU-only -- --accelerator gpu does not apply
21:11:25 | INFO    | chronological seed=45 2018->2017 random_forest        macro=0.1681 measurable=0.1962 acc=0.8296 (base 0.1294)
21:11:26 | INFO    | chronological seed=45 2018->2018 random_forest        macro=0.8397 measurable=0.8397 acc=0.9830 (base 0.1337)
21:11:26 | INFO    |   mlp is CPU-only -- --accelerator gpu does not apply
21:11:43 | INFO    | chronological seed=45 2018->2017 mlp                  macro=0.2936 measurable=0.3426 acc=0.7408 (base 0.1294)
21:11:43 | INFO    | chronological seed=45 2018->2018 mlp                  macro=0.8415 measurable=0.8415 acc=0.9826 (base 0.1337)
21:11:43 | INFO    |   logistic_regression is CPU-only -- --accelerator gpu does not apply
21:11:56 | INFO    | chronological seed=45 2018->2017 logistic_regression  macro=0.3493 measurable=0.4075 acc=0.8354 (base 0.1294)
21:11:57 | INFO    | chronological seed=45 2018->2018 logistic_regression  macro=0.7511 measurable=0.7511 acc=0.9771 (base 0.1337)
21:13:18 | INFO    | chronological seed=45 2018->2017 stacking             macro=0.4188 measurable=0.4886 acc=0.8785 (base 0.1294)
21:13:19 | INFO    | chronological seed=45 2018->2018 stacking             macro=0.8248 measurable=0.8248 acc=0.9851 (base 0.1337)
21:13:20 | INFO    | Dropping 8 uninformative column(s) (all-NaN or constant on train): Bwd Avg Bulk Rate, Bwd Avg Bytes/Bulk, Bwd Avg Packets/Bulk, Bwd PSH Flags, Bwd URG Flags, Fwd Avg Bulk Rate, Fwd Avg Bytes/Bulk, Fwd Avg Packets/Bulk
21:13:20 | INFO    | Preprocessor fitted: 69 features, scaler=standard
21:13:20 | INFO    |   lightgbm is CPU-only -- --accelerator gpu does not apply
21:13:20 | INFO    |   lightgbm has no GPU support in the PyPI wheel -- running on CPU
21:13:39 | INFO    | chronological seed=46 2017->2017 lightgbm             macro=0.7317 measurable=0.6870 acc=0.9552 (base 0.1294)
21:13:41 | INFO    | chronological seed=46 2017->2018 lightgbm             macro=0.1768 measurable=0.1768 acc=0.8822 (base 0.1337)
21:13:50 | INFO    | chronological seed=46 2017->2017 xgboost              macro=0.7254 measurable=0.6884 acc=0.9565 (base 0.1294)
21:13:51 | INFO    | chronological seed=46 2017->2018 xgboost              macro=0.1712 measurable=0.1712 acc=0.8817 (base 0.1337)
21:13:59 | INFO    | chronological seed=46 2017->2017 catboost             macro=0.7209 measurable=0.6929 acc=0.9569 (base 0.1294)
21:14:00 | INFO    | chronological seed=46 2017->2018 catboost             macro=0.1711 measurable=0.1711 acc=0.8818 (base 0.1337)
21:14:00 | INFO    |   random_forest is CPU-only -- --accelerator gpu does not apply
21:14:20 | INFO    | chronological seed=46 2017->2017 random_forest        macro=0.6796 measurable=0.6817 acc=0.9502 (base 0.1294)
21:14:21 | INFO    | chronological seed=46 2017->2018 random_forest        macro=0.1716 measurable=0.1716 acc=0.8818 (base 0.1337)
21:14:21 | INFO    |   mlp is CPU-only -- --accelerator gpu does not apply
21:14:49 | INFO    | chronological seed=46 2017->2017 mlp                  macro=0.6158 measurable=0.6232 acc=0.9313 (base 0.1294)
21:14:50 | INFO    | chronological seed=46 2017->2018 mlp                  macro=0.1773 measurable=0.1773 acc=0.8826 (base 0.1337)
21:14:50 | INFO    |   logistic_regression is CPU-only -- --accelerator gpu does not apply
21:15:01 | INFO    | chronological seed=46 2017->2017 logistic_regression  macro=0.4050 measurable=0.4725 acc=0.9326 (base 0.1294)
21:15:02 | INFO    | chronological seed=46 2017->2018 logistic_regression  macro=0.1508 measurable=0.1508 acc=0.8662 (base 0.1337)
21:16:12 | INFO    | chronological seed=46 2017->2017 stacking             macro=0.7203 measurable=0.6921 acc=0.9569 (base 0.1294)
21:16:14 | INFO    | chronological seed=46 2017->2018 stacking             macro=0.1714 measurable=0.1714 acc=0.8815 (base 0.1337)
21:16:14 | INFO    | Dropping 8 uninformative column(s) (all-NaN or constant on train): Bwd Avg Bulk Rate, Bwd Avg Bytes/Bulk, Bwd Avg Packets/Bulk, Bwd PSH Flags, Bwd URG Flags, Fwd Avg Bulk Rate, Fwd Avg Bytes/Bulk, Fwd Avg Packets/Bulk
21:16:14 | INFO    | Preprocessor fitted: 69 features, scaler=standard
21:16:14 | INFO    |   lightgbm is CPU-only -- --accelerator gpu does not apply
21:16:14 | INFO    |   lightgbm has no GPU support in the PyPI wheel -- running on CPU
21:16:33 | INFO    | chronological seed=46 2018->2017 lightgbm             macro=0.4575 measurable=0.5337 acc=0.8755 (base 0.1294)
21:16:35 | INFO    | chronological seed=46 2018->2018 lightgbm             macro=0.8587 measurable=0.8587 acc=0.9856 (base 0.1337)
21:16:47 | INFO    | chronological seed=46 2018->2017 xgboost              macro=0.3645 measurable=0.4252 acc=0.8651 (base 0.1294)
21:16:48 | INFO    | chronological seed=46 2018->2018 xgboost              macro=0.8518 measurable=0.8518 acc=0.9839 (base 0.1337)
21:16:56 | INFO    | chronological seed=46 2018->2017 catboost             macro=0.2234 measurable=0.2607 acc=0.8144 (base 0.1294)
21:16:57 | INFO    | chronological seed=46 2018->2018 catboost             macro=0.8464 measurable=0.8464 acc=0.9848 (base 0.1337)
21:16:57 | INFO    |   random_forest is CPU-only -- --accelerator gpu does not apply
21:17:21 | INFO    | chronological seed=46 2018->2017 random_forest        macro=0.1672 measurable=0.1950 acc=0.8274 (base 0.1294)
21:17:22 | INFO    | chronological seed=46 2018->2018 random_forest        macro=0.8403 measurable=0.8403 acc=0.9828 (base 0.1337)
21:17:22 | INFO    |   mlp is CPU-only -- --accelerator gpu does not apply
21:17:37 | INFO    | chronological seed=46 2018->2017 mlp                  macro=0.2973 measurable=0.3469 acc=0.8136 (base 0.1294)
21:17:38 | INFO    | chronological seed=46 2018->2018 mlp                  macro=0.8199 measurable=0.8199 acc=0.9823 (base 0.1337)
21:17:38 | INFO    |   logistic_regression is CPU-only -- --accelerator gpu does not apply
21:17:50 | INFO    | chronological seed=46 2018->2017 logistic_regression  macro=0.3493 measurable=0.4075 acc=0.8354 (base 0.1294)
21:17:51 | INFO    | chronological seed=46 2018->2018 logistic_regression  macro=0.7511 measurable=0.7511 acc=0.9771 (base 0.1337)
21:19:11 | INFO    | chronological seed=46 2018->2017 stacking             macro=0.3312 measurable=0.3864 acc=0.7196 (base 0.1294)
21:19:12 | INFO    | chronological seed=46 2018->2018 stacking             macro=0.8282 measurable=0.8282 acc=0.9855 (base 0.1337)
21:19:12 | INFO    | done: 280 result rows in 62.3 min -> D:\Projects\Senior Project\ai-classification-cyber-attack\results\crossdataset\protocol_v2
21:23:14 | INFO    | loading corpora (Destination Port kept)
21:23:15 | INFO    | ids2017 -> canonical schema: 77 feature(s), Destination Port kept
21:23:15 | INFO    | ids2017: dropping 90705 row(s) in 2 unmapped class(es): Heartbleed, PortScan
21:23:28 | INFO    | clean: 2407275 -> 2407275 rows (100.00% kept); dropped 0 non-finite, 0 duplicate
21:23:28 | INFO    | sampled 300000 rows (target 300000) across 7 classes with seed 42
21:23:28 | INFO    | ids2017 ready: {'name': 'ids2017', 'n_rows': 300000, 'n_features': 77, 'order_basis': '_row_index', 'dropped_unmapped_rows': 90705, 'cleaning': {'rows_in': 2407275, 'rows_out': 2407275, 'rows_dropped': 0, 'non_finite_values': 0, 'rows_dropped_non_finite': 0, 'rows_dropped_duplicate': 0, 'kept_fraction': 1.0}, 'class_counts': {'Benign': 248188, 'DoS': 23203, 'DDoS': 15332, 'Brute Force': 9150, 'Web Attack': 2143, 'Bot': 1948, 'Infiltration': 36}}
21:23:41 | INFO    | ids2018 -> canonical schema: 77 feature(s), Destination Port kept
