12:46:21 | INFO    | loading corpora (Destination Port kept)
12:46:23 | INFO    | ids2017 -> canonical schema: 77 feature(s), Destination Port kept
12:46:23 | INFO    | ids2017: dropping 90705 row(s) in 2 unmapped class(es): Heartbleed, PortScan
12:46:36 | INFO    | clean: 2407275 -> 2407275 rows (100.00% kept); dropped 0 non-finite, 0 duplicate
12:46:37 | INFO    | sampled 300000 rows (target 300000) across 7 classes with seed 42
12:46:37 | INFO    | ids2017 ready: {'name': 'ids2017', 'n_rows': 300000, 'n_features': 77, 'order_basis': '_row_index', 'dropped_unmapped_rows': 90705, 'cleaning': {'rows_in': 2407275, 'rows_out': 2407275, 'rows_dropped': 0, 'non_finite_values': 0, 'rows_dropped_non_finite': 0, 'rows_dropped_duplicate': 0, 'kept_fraction': 1.0}, 'class_counts': {'Benign': 248188, 'DoS': 23203, 'DDoS': 15332, 'Brute Force': 9150, 'Web Attack': 2143, 'Bot': 1948, 'Infiltration': 36}}
12:46:50 | INFO    | ids2018 -> canonical schema: 77 feature(s), Destination Port kept
12:46:52 | INFO    | clean: 300000 -> 262701 rows (87.57% kept); dropped 1738 non-finite, 35561 duplicate
12:46:52 | INFO    | sampled 262701 rows (target 300000) across 7 classes with seed 42
12:46:52 | INFO    | ids2018 ready: {'name': 'ids2018', 'n_rows': 262701, 'n_features': 77, 'order_basis': 'Timestamp', 'dropped_unmapped_rows': 0, 'cleaning': {'rows_in': 300000, 'rows_out': 262701, 'rows_dropped': 37299, 'non_finite_values': 3476, 'rows_dropped_non_finite': 1738, 'rows_dropped_duplicate': 35561, 'kept_fraction': 0.87567}, 'class_counts': {'Benign': 225717, 'DDoS': 20654, 'DoS': 8382, 'Bot': 3187, 'Infiltration': 2946, 'Brute Force': 1798, 'Web Attack': 17}}
12:46:53 | INFO    | random split: {'mode': 'random', 'seed': 42, 'n_train': 180001, 'n_calibration': 30000, 'n_test': 89999}
12:46:53 | INFO    | random split: {'mode': 'random', 'seed': 42, 'n_train': 157620, 'n_calibration': 26271, 'n_test': 78810}
12:46:53 | INFO    | Dropping 8 uninformative column(s) (all-NaN or constant on train): Bwd Avg Bulk Rate, Bwd Avg Bytes/Bulk, Bwd Avg Packets/Bulk, Bwd PSH Flags, Bwd URG Flags, Fwd Avg Bulk Rate, Fwd Avg Bytes/Bulk, Fwd Avg Packets/Bulk
12:46:53 | INFO    | Preprocessor fitted: 69 features, scaler=standard
12:46:53 | INFO    |   lightgbm is CPU-only -- --accelerator gpu does not apply
12:46:54 | INFO    |   lightgbm has no GPU support in the PyPI wheel -- running on CPU
12:47:09 | INFO    | random seed=42 2017->2017 lightgbm             macro=0.9851 measurable=0.9913 acc=0.9991 (base 0.1294)
12:47:11 | INFO    | random seed=42 2017->2018 lightgbm             macro=0.3144 measurable=0.3669 acc=0.8720 (base 0.1320)
12:47:28 | INFO    | random seed=42 2017->2017 xgboost              macro=0.9860 measurable=0.9925 acc=0.9992 (base 0.1294)
12:47:28 | INFO    | random seed=42 2017->2018 xgboost              macro=0.3134 measurable=0.3657 acc=0.8715 (base 0.1320)
12:47:40 | INFO    | random seed=42 2017->2017 catboost             macro=0.9869 measurable=0.9935 acc=0.9993 (base 0.1294)
12:47:41 | INFO    | random seed=42 2017->2018 catboost             macro=0.1757 measurable=0.2049 acc=0.8643 (base 0.1320)
12:47:41 | INFO    |   random_forest is CPU-only -- --accelerator gpu does not apply
12:47:55 | INFO    | random seed=42 2017->2017 random_forest        macro=0.9816 measurable=0.9873 acc=0.9983 (base 0.1294)
12:47:57 | INFO    | random seed=42 2017->2018 random_forest        macro=0.1429 measurable=0.1667 acc=0.8603 (base 0.1320)
12:47:57 | INFO    |   mlp is CPU-only -- --accelerator gpu does not apply
12:48:41 | INFO    | random seed=42 2017->2017 mlp                  macro=0.8778 measurable=0.9130 acc=0.9877 (base 0.1294)
12:48:42 | INFO    | random seed=42 2017->2018 mlp                  macro=0.1620 measurable=0.1890 acc=0.8562 (base 0.1320)
12:48:42 | INFO    |   logistic_regression is CPU-only -- --accelerator gpu does not apply
12:49:09 | INFO    | random seed=42 2017->2017 logistic_regression  macro=0.6312 measurable=0.6623 acc=0.9741 (base 0.1294)
12:49:10 | INFO    | random seed=42 2017->2018 logistic_regression  macro=0.1333 measurable=0.1556 acc=0.8262 (base 0.1320)
12:50:15 | INFO    | random seed=42 2017->2017 stacking             macro=0.9847 measurable=0.9909 acc=0.9989 (base 0.1294)
12:50:17 | INFO    | random seed=42 2017->2018 stacking             macro=0.3113 measurable=0.3632 acc=0.8727 (base 0.1320)
12:50:17 | INFO    | Dropping 8 uninformative column(s) (all-NaN or constant on train): Bwd Avg Bulk Rate, Bwd Avg Bytes/Bulk, Bwd Avg Packets/Bulk, Bwd PSH Flags, Bwd URG Flags, Fwd Avg Bulk Rate, Fwd Avg Bytes/Bulk, Fwd Avg Packets/Bulk
12:50:17 | INFO    | Preprocessor fitted: 69 features, scaler=standard
12:50:17 | INFO    |   lightgbm is CPU-only -- --accelerator gpu does not apply
12:50:17 | INFO    |   lightgbm has no GPU support in the PyPI wheel -- running on CPU
12:50:30 | INFO    | random seed=42 2018->2017 lightgbm             macro=0.3597 measurable=0.4196 acc=0.8576 (base 0.1294)
12:50:32 | INFO    | random seed=42 2018->2018 lightgbm             macro=0.7770 measurable=0.8509 acc=0.9882 (base 0.1320)
12:50:45 | INFO    | random seed=42 2018->2017 xgboost              macro=0.3259 measurable=0.3803 acc=0.8592 (base 0.1294)
12:50:46 | INFO    | random seed=42 2018->2018 xgboost              macro=0.7264 measurable=0.8475 acc=0.9880 (base 0.1320)
12:50:54 | INFO    | random seed=42 2018->2017 catboost             macro=0.2131 measurable=0.2486 acc=0.8486 (base 0.1294)
12:50:55 | INFO    | random seed=42 2018->2018 catboost             macro=0.7187 measurable=0.8385 acc=0.9882 (base 0.1320)
12:50:55 | INFO    |   random_forest is CPU-only -- --accelerator gpu does not apply
12:51:09 | INFO    | random seed=42 2018->2017 random_forest        macro=0.1564 measurable=0.1824 acc=0.8280 (base 0.1294)
12:51:10 | INFO    | random seed=42 2018->2018 random_forest        macro=0.7205 measurable=0.8406 acc=0.9878 (base 0.1320)
12:51:10 | INFO    |   mlp is CPU-only -- --accelerator gpu does not apply
12:51:49 | INFO    | random seed=42 2018->2017 mlp                  macro=0.2036 measurable=0.2369 acc=0.7940 (base 0.1294)
12:51:50 | INFO    | random seed=42 2018->2018 mlp                  macro=0.7281 measurable=0.8494 acc=0.9871 (base 0.1320)
12:51:50 | INFO    |   logistic_regression is CPU-only -- --accelerator gpu does not apply
12:52:09 | INFO    | random seed=42 2018->2017 logistic_regression  macro=0.2033 measurable=0.2372 acc=0.7446 (base 0.1294)
12:52:09 | INFO    | random seed=42 2018->2018 logistic_regression  macro=0.7304 measurable=0.8045 acc=0.9782 (base 0.1320)
12:53:14 | INFO    | random seed=42 2018->2017 stacking             macro=0.3091 measurable=0.3606 acc=0.8274 (base 0.1294)
12:53:15 | INFO    | random seed=42 2018->2018 stacking             macro=0.7101 measurable=0.8284 acc=0.9884 (base 0.1320)
12:53:16 | INFO    | random split: {'mode': 'random', 'seed': 43, 'n_train': 180001, 'n_calibration': 30000, 'n_test': 89999}
12:53:16 | INFO    | random split: {'mode': 'random', 'seed': 43, 'n_train': 157620, 'n_calibration': 26271, 'n_test': 78810}
12:53:16 | INFO    | Dropping 8 uninformative column(s) (all-NaN or constant on train): Bwd Avg Bulk Rate, Bwd Avg Bytes/Bulk, Bwd Avg Packets/Bulk, Bwd PSH Flags, Bwd URG Flags, Fwd Avg Bulk Rate, Fwd Avg Bytes/Bulk, Fwd Avg Packets/Bulk
12:53:16 | INFO    | Preprocessor fitted: 69 features, scaler=standard
12:53:16 | INFO    |   lightgbm is CPU-only -- --accelerator gpu does not apply
12:53:16 | INFO    |   lightgbm has no GPU support in the PyPI wheel -- running on CPU
12:53:31 | INFO    | random seed=43 2017->2017 lightgbm             macro=0.9931 measurable=0.9920 acc=0.9991 (base 0.1294)
12:53:33 | INFO    | random seed=43 2017->2018 lightgbm             macro=0.2957 measurable=0.3449 acc=0.8711 (base 0.1320)
12:53:46 | INFO    | random seed=43 2017->2017 xgboost              macro=0.9864 measurable=0.9929 acc=0.9991 (base 0.1294)
12:53:47 | INFO    | random seed=43 2017->2018 xgboost              macro=0.3199 measurable=0.3732 acc=0.8690 (base 0.1320)
12:53:56 | INFO    | random seed=43 2017->2017 catboost             macro=0.9673 measurable=0.9913 acc=0.9990 (base 0.1294)
12:53:56 | INFO    | random seed=43 2017->2018 catboost             macro=0.1874 measurable=0.2186 acc=0.8658 (base 0.1320)
12:53:56 | INFO    |   random_forest is CPU-only -- --accelerator gpu does not apply
12:54:09 | INFO    | random seed=43 2017->2017 random_forest        macro=0.9627 measurable=0.9859 acc=0.9981 (base 0.1294)
12:54:10 | INFO    | random seed=43 2017->2018 random_forest        macro=0.1445 measurable=0.1686 acc=0.8606 (base 0.1320)
12:54:10 | INFO    |   mlp is CPU-only -- --accelerator gpu does not apply
12:54:46 | INFO    | random seed=43 2017->2017 mlp                  macro=0.9089 measurable=0.9122 acc=0.9872 (base 0.1294)
12:54:46 | INFO    | random seed=43 2017->2018 mlp                  macro=0.1499 measurable=0.1749 acc=0.8501 (base 0.1320)
12:54:46 | INFO    |   logistic_regression is CPU-only -- --accelerator gpu does not apply
12:55:15 | INFO    | random seed=43 2017->2017 logistic_regression  macro=0.6158 measurable=0.6657 acc=0.9751 (base 0.1294)
12:55:15 | INFO    | random seed=43 2017->2018 logistic_regression  macro=0.1340 measurable=0.1564 acc=0.8253 (base 0.1320)
12:56:21 | INFO    | random seed=43 2017->2017 stacking             macro=0.9839 measurable=0.9900 acc=0.9988 (base 0.1294)
12:56:23 | INFO    | random seed=43 2017->2018 stacking             macro=0.3041 measurable=0.3548 acc=0.8731 (base 0.1320)
12:56:23 | INFO    | Dropping 8 uninformative column(s) (all-NaN or constant on train): Bwd Avg Bulk Rate, Bwd Avg Bytes/Bulk, Bwd Avg Packets/Bulk, Bwd PSH Flags, Bwd URG Flags, Fwd Avg Bulk Rate, Fwd Avg Bytes/Bulk, Fwd Avg Packets/Bulk
12:56:23 | INFO    | Preprocessor fitted: 69 features, scaler=standard
12:56:23 | INFO    |   lightgbm is CPU-only -- --accelerator gpu does not apply
12:56:23 | INFO    |   lightgbm has no GPU support in the PyPI wheel -- running on CPU
12:56:35 | INFO    | random seed=43 2018->2017 lightgbm             macro=0.3293 measurable=0.3841 acc=0.8571 (base 0.1294)
12:56:37 | INFO    | random seed=43 2018->2018 lightgbm             macro=0.7777 measurable=0.8518 acc=0.9881 (base 0.1320)
12:56:50 | INFO    | random seed=43 2018->2017 xgboost              macro=0.3318 measurable=0.3871 acc=0.8461 (base 0.1294)
12:56:51 | INFO    | random seed=43 2018->2018 xgboost              macro=0.7769 measurable=0.8508 acc=0.9881 (base 0.1320)
12:56:59 | INFO    | random seed=43 2018->2017 catboost             macro=0.2259 measurable=0.2635 acc=0.8381 (base 0.1294)
12:57:00 | INFO    | random seed=43 2018->2018 catboost             macro=0.7693 measurable=0.8420 acc=0.9886 (base 0.1320)
12:57:00 | INFO    |   random_forest is CPU-only -- --accelerator gpu does not apply
12:57:13 | INFO    | random seed=43 2018->2017 random_forest        macro=0.1922 measurable=0.2242 acc=0.8332 (base 0.1294)
12:57:14 | INFO    | random seed=43 2018->2018 random_forest        macro=0.7720 measurable=0.8451 acc=0.9880 (base 0.1320)
12:57:14 | INFO    |   mlp is CPU-only -- --accelerator gpu does not apply
12:57:53 | INFO    | random seed=43 2018->2017 mlp                  macro=0.2072 measurable=0.2417 acc=0.7316 (base 0.1294)
12:57:54 | INFO    | random seed=43 2018->2018 mlp                  macro=0.7596 measurable=0.8306 acc=0.9876 (base 0.1320)
12:57:54 | INFO    |   logistic_regression is CPU-only -- --accelerator gpu does not apply
12:58:19 | INFO    | random seed=43 2018->2017 logistic_regression  macro=0.1999 measurable=0.2332 acc=0.7456 (base 0.1294)
12:58:20 | INFO    | random seed=43 2018->2018 logistic_regression  macro=0.7361 measurable=0.8111 acc=0.9790 (base 0.1320)
12:59:21 | INFO    | random seed=43 2018->2017 stacking             macro=0.3334 measurable=0.3889 acc=0.7634 (base 0.1294)
12:59:23 | INFO    | random seed=43 2018->2018 stacking             macro=0.7109 measurable=0.8294 acc=0.9885 (base 0.1320)
12:59:23 | INFO    | random split: {'mode': 'random', 'seed': 44, 'n_train': 180001, 'n_calibration': 30000, 'n_test': 89999}
12:59:23 | INFO    | random split: {'mode': 'random', 'seed': 44, 'n_train': 157620, 'n_calibration': 26271, 'n_test': 78810}
12:59:23 | INFO    | Dropping 8 uninformative column(s) (all-NaN or constant on train): Bwd Avg Bulk Rate, Bwd Avg Bytes/Bulk, Bwd Avg Packets/Bulk, Bwd PSH Flags, Bwd URG Flags, Fwd Avg Bulk Rate, Fwd Avg Bytes/Bulk, Fwd Avg Packets/Bulk
12:59:23 | INFO    | Preprocessor fitted: 69 features, scaler=standard
12:59:23 | INFO    |   lightgbm is CPU-only -- --accelerator gpu does not apply
12:59:23 | INFO    |   lightgbm has no GPU support in the PyPI wheel -- running on CPU
12:59:37 | INFO    | random seed=44 2017->2017 lightgbm             macro=0.9654 measurable=0.9891 acc=0.9989 (base 0.1294)
12:59:39 | INFO    | random seed=44 2017->2018 lightgbm             macro=0.3168 measurable=0.3696 acc=0.8727 (base 0.1320)
12:59:51 | INFO    | random seed=44 2017->2017 xgboost              macro=0.9458 measurable=0.9923 acc=0.9991 (base 0.1294)
12:59:52 | INFO    | random seed=44 2017->2018 xgboost              macro=0.3141 measurable=0.3664 acc=0.8718 (base 0.1320)
13:00:01 | INFO    | random seed=44 2017->2017 catboost             macro=0.9679 measurable=0.9919 acc=0.9990 (base 0.1294)
13:00:02 | INFO    | random seed=44 2017->2018 catboost             macro=0.2097 measurable=0.2446 acc=0.8701 (base 0.1320)
13:00:02 | INFO    |   random_forest is CPU-only -- --accelerator gpu does not apply
13:00:14 | INFO    | random seed=44 2017->2017 random_forest        macro=0.9246 measurable=0.9834 acc=0.9980 (base 0.1294)
13:00:15 | INFO    | random seed=44 2017->2018 random_forest        macro=0.1466 measurable=0.1710 acc=0.8610 (base 0.1320)
13:00:15 | INFO    |   mlp is CPU-only -- --accelerator gpu does not apply
13:01:47 | INFO    | random seed=44 2017->2017 mlp                  macro=0.8675 measurable=0.9168 acc=0.9906 (base 0.1294)
13:01:48 | INFO    | random seed=44 2017->2018 mlp                  macro=0.1501 measurable=0.1751 acc=0.8511 (base 0.1320)
13:01:48 | INFO    |   logistic_regression is CPU-only -- --accelerator gpu does not apply
13:02:13 | INFO    | random seed=44 2017->2017 logistic_regression  macro=0.6211 measurable=0.6621 acc=0.9739 (base 0.1294)
13:02:14 | INFO    | random seed=44 2017->2018 logistic_regression  macro=0.1347 measurable=0.1572 acc=0.8261 (base 0.1320)
13:03:22 | INFO    | random seed=44 2017->2017 stacking             macro=0.9554 measurable=0.9896 acc=0.9988 (base 0.1294)
13:03:24 | INFO    | random seed=44 2017->2018 stacking             macro=0.3067 measurable=0.3578 acc=0.8738 (base 0.1320)
13:03:24 | INFO    | Dropping 8 uninformative column(s) (all-NaN or constant on train): Bwd Avg Bulk Rate, Bwd Avg Bytes/Bulk, Bwd Avg Packets/Bulk, Bwd PSH Flags, Bwd URG Flags, Fwd Avg Bulk Rate, Fwd Avg Bytes/Bulk, Fwd Avg Packets/Bulk
13:03:24 | INFO    | Preprocessor fitted: 69 features, scaler=standard
13:03:25 | INFO    |   lightgbm is CPU-only -- --accelerator gpu does not apply
13:03:25 | INFO    |   lightgbm has no GPU support in the PyPI wheel -- running on CPU
13:03:37 | INFO    | random seed=44 2018->2017 lightgbm             macro=0.3465 measurable=0.4043 acc=0.8554 (base 0.1294)
13:03:39 | INFO    | random seed=44 2018->2018 lightgbm             macro=0.8083 measurable=0.8478 acc=0.9882 (base 0.1320)
13:03:52 | INFO    | random seed=44 2018->2017 xgboost              macro=0.3013 measurable=0.3516 acc=0.8151 (base 0.1294)
13:03:53 | INFO    | random seed=44 2018->2018 xgboost              macro=0.8085 measurable=0.8480 acc=0.9883 (base 0.1320)
13:04:02 | INFO    | random seed=44 2018->2017 catboost             macro=0.2164 measurable=0.2525 acc=0.8496 (base 0.1294)
13:04:03 | INFO    | random seed=44 2018->2018 catboost             macro=0.7253 measurable=0.8462 acc=0.9887 (base 0.1320)
13:04:03 | INFO    |   random_forest is CPU-only -- --accelerator gpu does not apply
13:04:16 | INFO    | random seed=44 2018->2017 random_forest        macro=0.1470 measurable=0.1715 acc=0.8272 (base 0.1294)
13:04:17 | INFO    | random seed=44 2018->2018 random_forest        macro=0.7216 measurable=0.8419 acc=0.9879 (base 0.1320)
13:04:17 | INFO    |   mlp is CPU-only -- --accelerator gpu does not apply
13:05:02 | INFO    | random seed=44 2018->2017 mlp                  macro=0.2137 measurable=0.2493 acc=0.7749 (base 0.1294)
13:05:03 | INFO    | random seed=44 2018->2018 mlp                  macro=0.7172 measurable=0.8367 acc=0.9876 (base 0.1320)
13:05:03 | INFO    |   logistic_regression is CPU-only -- --accelerator gpu does not apply
13:05:25 | INFO    | random seed=44 2018->2017 logistic_regression  macro=0.2042 measurable=0.2382 acc=0.7402 (base 0.1294)
13:05:25 | INFO    | random seed=44 2018->2018 logistic_regression  macro=0.6911 measurable=0.8063 acc=0.9786 (base 0.1320)
13:06:30 | INFO    | random seed=44 2018->2017 stacking             macro=0.3017 measurable=0.3520 acc=0.7170 (base 0.1294)
13:06:31 | INFO    | random seed=44 2018->2018 stacking             macro=0.7107 measurable=0.8291 acc=0.9885 (base 0.1320)
13:06:31 | INFO    | random split: {'mode': 'random', 'seed': 45, 'n_train': 180001, 'n_calibration': 30000, 'n_test': 89999}
13:06:32 | INFO    | random split: {'mode': 'random', 'seed': 45, 'n_train': 157620, 'n_calibration': 26271, 'n_test': 78810}
13:06:32 | INFO    | Dropping 8 uninformative column(s) (all-NaN or constant on train): Bwd Avg Bulk Rate, Bwd Avg Bytes/Bulk, Bwd Avg Packets/Bulk, Bwd PSH Flags, Bwd URG Flags, Fwd Avg Bulk Rate, Fwd Avg Bytes/Bulk, Fwd Avg Packets/Bulk
13:06:32 | INFO    | Preprocessor fitted: 69 features, scaler=standard
13:06:32 | INFO    |   lightgbm is CPU-only -- --accelerator gpu does not apply
13:06:32 | INFO    |   lightgbm has no GPU support in the PyPI wheel -- running on CPU
13:06:46 | INFO    | random seed=45 2017->2017 lightgbm             macro=0.9763 measurable=0.9909 acc=0.9991 (base 0.1294)
13:06:48 | INFO    | random seed=45 2017->2018 lightgbm             macro=0.3230 measurable=0.3768 acc=0.8729 (base 0.1320)
13:07:01 | INFO    | random seed=45 2017->2017 xgboost              macro=0.9774 measurable=0.9922 acc=0.9992 (base 0.1294)
13:07:02 | INFO    | random seed=45 2017->2018 xgboost              macro=0.2828 measurable=0.3299 acc=0.8672 (base 0.1320)
13:07:11 | INFO    | random seed=45 2017->2017 catboost             macro=0.9680 measurable=0.9921 acc=0.9991 (base 0.1294)
13:07:12 | INFO    | random seed=45 2017->2018 catboost             macro=0.2039 measurable=0.2379 acc=0.8688 (base 0.1320)
13:07:12 | INFO    |   random_forest is CPU-only -- --accelerator gpu does not apply
13:07:24 | INFO    | random seed=45 2017->2017 random_forest        macro=0.9622 measurable=0.9853 acc=0.9982 (base 0.1294)
13:07:25 | INFO    | random seed=45 2017->2018 random_forest        macro=0.1940 measurable=0.1708 acc=0.8604 (base 0.1320)
13:07:25 | INFO    |   mlp is CPU-only -- --accelerator gpu does not apply
13:08:19 | INFO    | random seed=45 2017->2017 mlp                  macro=0.8889 measurable=0.9194 acc=0.9903 (base 0.1294)
13:08:20 | INFO    | random seed=45 2017->2018 mlp                  macro=0.1403 measurable=0.1637 acc=0.8513 (base 0.1320)
13:08:20 | INFO    |   logistic_regression is CPU-only -- --accelerator gpu does not apply
13:08:44 | INFO    | random seed=45 2017->2017 logistic_regression  macro=0.5861 measurable=0.6581 acc=0.9750 (base 0.1294)
13:08:45 | INFO    | random seed=45 2017->2018 logistic_regression  macro=0.1334 measurable=0.1557 acc=0.8262 (base 0.1320)
13:09:59 | INFO    | random seed=45 2017->2017 stacking             macro=0.9758 measurable=0.9903 acc=0.9989 (base 0.1294)
13:10:00 | INFO    | random seed=45 2017->2018 stacking             macro=0.3232 measurable=0.3771 acc=0.8760 (base 0.1320)
13:10:01 | INFO    | Dropping 8 uninformative column(s) (all-NaN or constant on train): Bwd Avg Bulk Rate, Bwd Avg Bytes/Bulk, Bwd Avg Packets/Bulk, Bwd PSH Flags, Bwd URG Flags, Fwd Avg Bulk Rate, Fwd Avg Bytes/Bulk, Fwd Avg Packets/Bulk
13:10:01 | INFO    | Preprocessor fitted: 69 features, scaler=standard
13:10:01 | INFO    |   lightgbm is CPU-only -- --accelerator gpu does not apply
13:10:01 | INFO    |   lightgbm has no GPU support in the PyPI wheel -- running on CPU
13:10:14 | INFO    | random seed=45 2018->2017 lightgbm             macro=0.3536 measurable=0.4125 acc=0.8564 (base 0.1294)
13:10:16 | INFO    | random seed=45 2018->2018 lightgbm             macro=0.8095 measurable=0.8492 acc=0.9879 (base 0.1320)
13:10:30 | INFO    | random seed=45 2018->2017 xgboost              macro=0.3374 measurable=0.3936 acc=0.8516 (base 0.1294)
13:10:30 | INFO    | random seed=45 2018->2018 xgboost              macro=0.8094 measurable=0.8491 acc=0.9881 (base 0.1320)
13:10:39 | INFO    | random seed=45 2018->2017 catboost             macro=0.2169 measurable=0.2531 acc=0.8475 (base 0.1294)
13:10:40 | INFO    | random seed=45 2018->2018 catboost             macro=0.7742 measurable=0.8477 acc=0.9886 (base 0.1320)
13:10:40 | INFO    |   random_forest is CPU-only -- --accelerator gpu does not apply
13:10:54 | INFO    | random seed=45 2018->2017 random_forest        macro=0.1499 measurable=0.1749 acc=0.8272 (base 0.1294)
13:10:55 | INFO    | random seed=45 2018->2018 random_forest        macro=0.7725 measurable=0.8457 acc=0.9879 (base 0.1320)
13:10:55 | INFO    |   mlp is CPU-only -- --accelerator gpu does not apply
13:11:33 | INFO    | random seed=45 2018->2017 mlp                  macro=0.2015 measurable=0.2350 acc=0.7690 (base 0.1294)
13:11:34 | INFO    | random seed=45 2018->2018 mlp                  macro=0.7586 measurable=0.8295 acc=0.9875 (base 0.1320)
13:11:34 | INFO    |   logistic_regression is CPU-only -- --accelerator gpu does not apply
13:11:55 | INFO    | random seed=45 2018->2017 logistic_regression  macro=0.1999 measurable=0.2332 acc=0.7368 (base 0.1294)
13:11:56 | INFO    | random seed=45 2018->2018 logistic_regression  macro=0.7238 measurable=0.8074 acc=0.9785 (base 0.1320)
13:13:00 | INFO    | random seed=45 2018->2017 stacking             macro=0.2706 measurable=0.3157 acc=0.7535 (base 0.1294)
13:13:01 | INFO    | random seed=45 2018->2018 stacking             macro=0.7100 measurable=0.8284 acc=0.9884 (base 0.1320)
13:13:02 | INFO    | random split: {'mode': 'random', 'seed': 46, 'n_train': 180001, 'n_calibration': 30000, 'n_test': 89999}
13:13:02 | INFO    | random split: {'mode': 'random', 'seed': 46, 'n_train': 157620, 'n_calibration': 26271, 'n_test': 78810}
13:13:02 | INFO    | Dropping 8 uninformative column(s) (all-NaN or constant on train): Bwd Avg Bulk Rate, Bwd Avg Bytes/Bulk, Bwd Avg Packets/Bulk, Bwd PSH Flags, Bwd URG Flags, Fwd Avg Bulk Rate, Fwd Avg Bytes/Bulk, Fwd Avg Packets/Bulk
13:13:02 | INFO    | Preprocessor fitted: 69 features, scaler=standard
13:13:02 | INFO    |   lightgbm is CPU-only -- --accelerator gpu does not apply
13:13:02 | INFO    |   lightgbm has no GPU support in the PyPI wheel -- running on CPU
13:13:17 | INFO    | random seed=46 2017->2017 lightgbm             macro=0.9677 measurable=0.9918 acc=0.9990 (base 0.1294)
13:13:19 | INFO    | random seed=46 2017->2018 lightgbm             macro=0.3889 measurable=0.4537 acc=0.8881 (base 0.1320)
13:13:31 | INFO    | random seed=46 2017->2017 xgboost              macro=0.9668 measurable=0.9907 acc=0.9989 (base 0.1294)
13:13:32 | INFO    | random seed=46 2017->2018 xgboost              macro=0.3223 measurable=0.3760 acc=0.8743 (base 0.1320)
13:13:42 | INFO    | random seed=46 2017->2017 catboost             macro=0.9572 measurable=0.9918 acc=0.9990 (base 0.1294)
13:13:42 | INFO    | random seed=46 2017->2018 catboost             macro=0.1867 measurable=0.2178 acc=0.8658 (base 0.1320)
13:13:42 | INFO    |   random_forest is CPU-only -- --accelerator gpu does not apply
13:13:58 | INFO    | random seed=46 2017->2017 random_forest        macro=0.9519 measurable=0.9856 acc=0.9981 (base 0.1294)
13:13:59 | INFO    | random seed=46 2017->2018 random_forest        macro=0.1491 measurable=0.1739 acc=0.8610 (base 0.1320)
13:13:59 | INFO    |   mlp is CPU-only -- --accelerator gpu does not apply
13:14:37 | INFO    | random seed=46 2017->2017 mlp                  macro=0.8643 measurable=0.9103 acc=0.9872 (base 0.1294)
13:14:37 | INFO    | random seed=46 2017->2018 mlp                  macro=0.1560 measurable=0.1820 acc=0.8525 (base 0.1320)
13:14:37 | INFO    |   logistic_regression is CPU-only -- --accelerator gpu does not apply
13:15:02 | INFO    | random seed=46 2017->2017 logistic_regression  macro=0.6091 measurable=0.6662 acc=0.9745 (base 0.1294)
13:15:03 | INFO    | random seed=46 2017->2018 logistic_regression  macro=0.1346 measurable=0.1570 acc=0.8266 (base 0.1320)
13:16:11 | INFO    | random seed=46 2017->2017 stacking             macro=0.9652 measurable=0.9888 acc=0.9986 (base 0.1294)
13:16:13 | INFO    | random seed=46 2017->2018 stacking             macro=0.3153 measurable=0.3679 acc=0.8735 (base 0.1320)
13:16:13 | INFO    | Dropping 8 uninformative column(s) (all-NaN or constant on train): Bwd Avg Bulk Rate, Bwd Avg Bytes/Bulk, Bwd Avg Packets/Bulk, Bwd PSH Flags, Bwd URG Flags, Fwd Avg Bulk Rate, Fwd Avg Bytes/Bulk, Fwd Avg Packets/Bulk
13:16:14 | INFO    | Preprocessor fitted: 69 features, scaler=standard
13:16:14 | INFO    |   lightgbm is CPU-only -- --accelerator gpu does not apply
13:16:14 | INFO    |   lightgbm has no GPU support in the PyPI wheel -- running on CPU
13:16:27 | INFO    | random seed=46 2018->2017 lightgbm             macro=0.3511 measurable=0.4096 acc=0.8530 (base 0.1294)
13:16:29 | INFO    | random seed=46 2018->2018 lightgbm             macro=0.8368 measurable=0.8513 acc=0.9879 (base 0.1320)
13:16:41 | INFO    | random seed=46 2018->2017 xgboost              macro=0.3023 measurable=0.3527 acc=0.7881 (base 0.1294)
13:16:42 | INFO    | random seed=46 2018->2018 xgboost              macro=0.8378 measurable=0.8525 acc=0.9880 (base 0.1320)
13:16:51 | INFO    | random seed=46 2018->2017 catboost             macro=0.2151 measurable=0.2510 acc=0.8475 (base 0.1294)
13:16:51 | INFO    | random seed=46 2018->2018 catboost             macro=0.7242 measurable=0.8449 acc=0.9883 (base 0.1320)
13:16:51 | INFO    |   random_forest is CPU-only -- --accelerator gpu does not apply
13:17:06 | INFO    | random seed=46 2018->2017 random_forest        macro=0.1554 measurable=0.1813 acc=0.8269 (base 0.1294)
13:17:07 | INFO    | random seed=46 2018->2018 random_forest        macro=0.7235 measurable=0.8441 acc=0.9878 (base 0.1320)
13:17:07 | INFO    |   mlp is CPU-only -- --accelerator gpu does not apply
13:17:32 | INFO    | random seed=46 2018->2017 mlp                  macro=0.2283 measurable=0.2664 acc=0.7978 (base 0.1294)
13:17:33 | INFO    | random seed=46 2018->2018 mlp                  macro=0.7086 measurable=0.8267 acc=0.9874 (base 0.1320)
13:17:33 | INFO    |   logistic_regression is CPU-only -- --accelerator gpu does not apply
13:17:52 | INFO    | random seed=46 2018->2017 logistic_regression  macro=0.2015 measurable=0.2351 acc=0.7436 (base 0.1294)
13:17:53 | INFO    | random seed=46 2018->2018 logistic_regression  macro=0.6900 measurable=0.8050 acc=0.9785 (base 0.1320)
13:18:59 | INFO    | random seed=46 2018->2017 stacking             macro=0.3356 measurable=0.3915 acc=0.8715 (base 0.1294)
13:19:01 | INFO    | random seed=46 2018->2018 stacking             macro=0.7100 measurable=0.8284 acc=0.9884 (base 0.1320)
13:19:01 | INFO    | chronological split: {'mode': 'chronological', 'seed': 0, 'n_train': 180002, 'n_calibration': 30000, 'n_test': 89998}
13:19:01 | INFO    | chronological split: {'mode': 'chronological', 'seed': 0, 'n_train': 157620, 'n_calibration': 26272, 'n_test': 78809}
13:19:02 | INFO    | Dropping 8 uninformative column(s) (all-NaN or constant on train): Bwd Avg Bulk Rate, Bwd Avg Bytes/Bulk, Bwd Avg Packets/Bulk, Bwd PSH Flags, Bwd URG Flags, Fwd Avg Bulk Rate, Fwd Avg Bytes/Bulk, Fwd Avg Packets/Bulk
13:19:02 | INFO    | Preprocessor fitted: 69 features, scaler=standard
13:19:02 | INFO    |   lightgbm is CPU-only -- --accelerator gpu does not apply
13:19:02 | INFO    |   lightgbm has no GPU support in the PyPI wheel -- running on CPU
13:19:16 | INFO    | chronological seed=42 2017->2017 lightgbm             macro=0.7317 measurable=0.6870 acc=0.9547 (base 0.1294)
13:19:18 | INFO    | chronological seed=42 2017->2018 lightgbm             macro=0.2838 measurable=0.3311 acc=0.8716 (base 0.1320)
13:19:29 | INFO    | chronological seed=42 2017->2017 xgboost              macro=0.7303 measurable=0.6854 acc=0.9550 (base 0.1294)
13:19:30 | INFO    | chronological seed=42 2017->2018 xgboost              macro=0.1529 measurable=0.1784 acc=0.8615 (base 0.1320)
13:19:39 | INFO    | chronological seed=42 2017->2017 catboost             macro=0.7125 measurable=0.6940 acc=0.9575 (base 0.1294)
13:19:40 | INFO    | chronological seed=42 2017->2018 catboost             macro=0.1516 measurable=0.1769 acc=0.8613 (base 0.1320)
13:19:40 | INFO    |   random_forest is CPU-only -- --accelerator gpu does not apply
13:19:54 | INFO    | chronological seed=42 2017->2017 random_forest        macro=0.6488 measurable=0.6801 acc=0.9505 (base 0.1294)
13:19:55 | INFO    | chronological seed=42 2017->2018 random_forest        macro=0.1529 measurable=0.1784 acc=0.8613 (base 0.1320)
13:19:55 | INFO    |   mlp is CPU-only -- --accelerator gpu does not apply
13:20:45 | INFO    | chronological seed=42 2017->2017 mlp                  macro=0.5536 measurable=0.6156 acc=0.9309 (base 0.1294)
13:20:46 | INFO    | chronological seed=42 2017->2018 mlp                  macro=0.1524 measurable=0.1778 acc=0.8595 (base 0.1320)
13:20:46 | INFO    |   logistic_regression is CPU-only -- --accelerator gpu does not apply
13:21:12 | INFO    | chronological seed=42 2017->2017 logistic_regression  macro=0.4050 measurable=0.4725 acc=0.9330 (base 0.1294)
13:21:12 | INFO    | chronological seed=42 2017->2018 logistic_regression  macro=0.1562 measurable=0.1822 acc=0.8474 (base 0.1320)
13:22:17 | INFO    | chronological seed=42 2017->2017 stacking             macro=0.7344 measurable=0.6901 acc=0.9552 (base 0.1294)
13:22:19 | INFO    | chronological seed=42 2017->2018 stacking             macro=0.1534 measurable=0.1790 acc=0.8611 (base 0.1320)
13:22:19 | INFO    | Dropping 8 uninformative column(s) (all-NaN or constant on train): Bwd Avg Bulk Rate, Bwd Avg Bytes/Bulk, Bwd Avg Packets/Bulk, Bwd PSH Flags, Bwd URG Flags, Fwd Avg Bulk Rate, Fwd Avg Bytes/Bulk, Fwd Avg Packets/Bulk
13:22:19 | INFO    | Preprocessor fitted: 69 features, scaler=standard
13:22:20 | INFO    |   lightgbm is CPU-only -- --accelerator gpu does not apply
13:22:20 | INFO    |   lightgbm has no GPU support in the PyPI wheel -- running on CPU
13:22:32 | INFO    | chronological seed=42 2018->2017 lightgbm             macro=0.4988 measurable=0.5819 acc=0.8982 (base 0.1294)
13:22:34 | INFO    | chronological seed=42 2018->2018 lightgbm             macro=0.7742 measurable=0.8477 acc=0.9860 (base 0.1320)
13:22:46 | INFO    | chronological seed=42 2018->2017 xgboost              macro=0.4345 measurable=0.5069 acc=0.8231 (base 0.1294)
13:22:47 | INFO    | chronological seed=42 2018->2018 xgboost              macro=0.7718 measurable=0.8448 acc=0.9848 (base 0.1320)
13:22:56 | INFO    | chronological seed=42 2018->2017 catboost             macro=0.2791 measurable=0.3256 acc=0.8683 (base 0.1294)
13:22:56 | INFO    | chronological seed=42 2018->2018 catboost             macro=0.7159 measurable=0.8352 acc=0.9868 (base 0.1320)
13:22:56 | INFO    |   random_forest is CPU-only -- --accelerator gpu does not apply
13:23:10 | INFO    | chronological seed=42 2018->2017 random_forest        macro=0.1578 measurable=0.1841 acc=0.8319 (base 0.1294)
13:23:11 | INFO    | chronological seed=42 2018->2018 random_forest        macro=0.7150 measurable=0.8342 acc=0.9837 (base 0.1320)
13:23:11 | INFO    |   mlp is CPU-only -- --accelerator gpu does not apply
13:23:38 | INFO    | chronological seed=42 2018->2017 mlp                  macro=0.3073 measurable=0.3585 acc=0.8554 (base 0.1294)
13:23:39 | INFO    | chronological seed=42 2018->2018 mlp                  macro=0.7017 measurable=0.8186 acc=0.9843 (base 0.1320)
13:23:39 | INFO    |   logistic_regression is CPU-only -- --accelerator gpu does not apply
13:24:01 | INFO    | chronological seed=42 2018->2017 logistic_regression  macro=0.2762 measurable=0.3222 acc=0.8071 (base 0.1294)
13:24:02 | INFO    | chronological seed=42 2018->2018 logistic_regression  macro=0.6810 measurable=0.7945 acc=0.9770 (base 0.1320)
13:25:01 | INFO    | chronological seed=42 2018->2017 stacking             macro=0.5783 measurable=0.6746 acc=0.9145 (base 0.1294)
13:25:02 | INFO    | chronological seed=42 2018->2018 stacking             macro=0.7047 measurable=0.8222 acc=0.9861 (base 0.1320)
13:25:03 | INFO    | Dropping 8 uninformative column(s) (all-NaN or constant on train): Bwd Avg Bulk Rate, Bwd Avg Bytes/Bulk, Bwd Avg Packets/Bulk, Bwd PSH Flags, Bwd URG Flags, Fwd Avg Bulk Rate, Fwd Avg Bytes/Bulk, Fwd Avg Packets/Bulk
13:25:03 | INFO    | Preprocessor fitted: 69 features, scaler=standard
13:25:03 | INFO    |   lightgbm is CPU-only -- --accelerator gpu does not apply
13:25:03 | INFO    |   lightgbm has no GPU support in the PyPI wheel -- running on CPU
13:25:17 | INFO    | chronological seed=43 2017->2017 lightgbm             macro=0.7332 measurable=0.6887 acc=0.9556 (base 0.1294)
13:25:19 | INFO    | chronological seed=43 2017->2018 lightgbm             macro=0.1540 measurable=0.1797 acc=0.8614 (base 0.1320)
13:25:31 | INFO    | chronological seed=43 2017->2017 xgboost              macro=0.7312 measurable=0.6864 acc=0.9555 (base 0.1294)
13:25:32 | INFO    | chronological seed=43 2017->2018 xgboost              macro=0.1518 measurable=0.1771 acc=0.8613 (base 0.1320)
13:25:41 | INFO    | chronological seed=43 2017->2017 catboost             macro=0.7124 measurable=0.6938 acc=0.9573 (base 0.1294)
13:25:42 | INFO    | chronological seed=43 2017->2018 catboost             macro=0.1517 measurable=0.1770 acc=0.8613 (base 0.1320)
13:25:42 | INFO    |   random_forest is CPU-only -- --accelerator gpu does not apply
13:25:56 | INFO    | chronological seed=43 2017->2017 random_forest        macro=0.6657 measurable=0.6814 acc=0.9502 (base 0.1294)
13:25:57 | INFO    | chronological seed=43 2017->2018 random_forest        macro=0.1528 measurable=0.1782 acc=0.8613 (base 0.1320)
13:25:57 | INFO    |   mlp is CPU-only -- --accelerator gpu does not apply
13:27:08 | INFO    | chronological seed=43 2017->2017 mlp                  macro=0.6096 measurable=0.6160 acc=0.9278 (base 0.1294)
13:27:08 | INFO    | chronological seed=43 2017->2018 mlp                  macro=0.1530 measurable=0.1785 acc=0.8614 (base 0.1320)
13:27:08 | INFO    |   logistic_regression is CPU-only -- --accelerator gpu does not apply
13:27:35 | INFO    | chronological seed=43 2017->2017 logistic_regression  macro=0.4050 measurable=0.4725 acc=0.9330 (base 0.1294)
13:27:36 | INFO    | chronological seed=43 2017->2018 logistic_regression  macro=0.1562 measurable=0.1822 acc=0.8474 (base 0.1320)
13:28:38 | INFO    | chronological seed=43 2017->2017 stacking             macro=0.7346 measurable=0.6904 acc=0.9559 (base 0.1294)
13:28:40 | INFO    | chronological seed=43 2017->2018 stacking             macro=0.1523 measurable=0.1777 acc=0.8612 (base 0.1320)
13:28:40 | INFO    | Dropping 8 uninformative column(s) (all-NaN or constant on train): Bwd Avg Bulk Rate, Bwd Avg Bytes/Bulk, Bwd Avg Packets/Bulk, Bwd PSH Flags, Bwd URG Flags, Fwd Avg Bulk Rate, Fwd Avg Bytes/Bulk, Fwd Avg Packets/Bulk
13:28:40 | INFO    | Preprocessor fitted: 69 features, scaler=standard
13:28:41 | INFO    |   lightgbm is CPU-only -- --accelerator gpu does not apply
13:28:41 | INFO    |   lightgbm has no GPU support in the PyPI wheel -- running on CPU
13:28:53 | INFO    | chronological seed=43 2018->2017 lightgbm             macro=0.4717 measurable=0.5503 acc=0.8830 (base 0.1294)
13:28:55 | INFO    | chronological seed=43 2018->2018 lightgbm             macro=0.7717 measurable=0.8448 acc=0.9847 (base 0.1320)
13:29:07 | INFO    | chronological seed=43 2018->2017 xgboost              macro=0.4717 measurable=0.5503 acc=0.8689 (base 0.1294)
13:29:07 | INFO    | chronological seed=43 2018->2018 xgboost              macro=0.7725 measurable=0.8457 acc=0.9850 (base 0.1320)
13:29:16 | INFO    | chronological seed=43 2018->2017 catboost             macro=0.2868 measurable=0.3346 acc=0.8708 (base 0.1294)
13:29:17 | INFO    | chronological seed=43 2018->2018 catboost             macro=0.7154 measurable=0.8347 acc=0.9867 (base 0.1320)
13:29:17 | INFO    |   random_forest is CPU-only -- --accelerator gpu does not apply
13:29:30 | INFO    | chronological seed=43 2018->2017 random_forest        macro=0.1553 measurable=0.1812 acc=0.8329 (base 0.1294)
13:29:32 | INFO    | chronological seed=43 2018->2018 random_forest        macro=0.7159 measurable=0.8352 acc=0.9839 (base 0.1320)
13:29:32 | INFO    |   mlp is CPU-only -- --accelerator gpu does not apply
13:30:19 | INFO    | chronological seed=43 2018->2017 mlp                  macro=0.2598 measurable=0.3031 acc=0.7834 (base 0.1294)
13:30:20 | INFO    | chronological seed=43 2018->2018 mlp                  macro=0.7048 measurable=0.8223 acc=0.9846 (base 0.1320)
13:30:20 | INFO    |   logistic_regression is CPU-only -- --accelerator gpu does not apply
13:30:42 | INFO    | chronological seed=43 2018->2017 logistic_regression  macro=0.2762 measurable=0.3222 acc=0.8071 (base 0.1294)
13:30:43 | INFO    | chronological seed=43 2018->2018 logistic_regression  macro=0.6810 measurable=0.7945 acc=0.9770 (base 0.1320)
13:31:41 | INFO    | chronological seed=43 2018->2017 stacking             macro=0.5169 measurable=0.6030 acc=0.8832 (base 0.1294)
13:31:43 | INFO    | chronological seed=43 2018->2018 stacking             macro=0.7015 measurable=0.8185 acc=0.9847 (base 0.1320)
13:31:43 | INFO    | Dropping 8 uninformative column(s) (all-NaN or constant on train): Bwd Avg Bulk Rate, Bwd Avg Bytes/Bulk, Bwd Avg Packets/Bulk, Bwd PSH Flags, Bwd URG Flags, Fwd Avg Bulk Rate, Fwd Avg Bytes/Bulk, Fwd Avg Packets/Bulk
13:31:43 | INFO    | Preprocessor fitted: 69 features, scaler=standard
13:31:43 | INFO    |   lightgbm is CPU-only -- --accelerator gpu does not apply
13:31:43 | INFO    |   lightgbm has no GPU support in the PyPI wheel -- running on CPU
13:31:57 | INFO    | chronological seed=44 2017->2017 lightgbm             macro=0.7325 measurable=0.6879 acc=0.9552 (base 0.1294)
13:31:59 | INFO    | chronological seed=44 2017->2018 lightgbm             macro=0.1539 measurable=0.1795 acc=0.8616 (base 0.1320)
13:32:10 | INFO    | chronological seed=44 2017->2017 xgboost              macro=0.7328 measurable=0.6882 acc=0.9551 (base 0.1294)
13:32:11 | INFO    | chronological seed=44 2017->2018 xgboost              macro=0.1516 measurable=0.1769 acc=0.8613 (base 0.1320)
13:32:21 | INFO    | chronological seed=44 2017->2017 catboost             macro=0.7128 measurable=0.6943 acc=0.9576 (base 0.1294)
13:32:21 | INFO    | chronological seed=44 2017->2018 catboost             macro=0.1518 measurable=0.1771 acc=0.8613 (base 0.1320)
13:32:21 | INFO    |   random_forest is CPU-only -- --accelerator gpu does not apply
13:32:36 | INFO    | chronological seed=44 2017->2017 random_forest        macro=0.6656 measurable=0.6813 acc=0.9507 (base 0.1294)
13:32:37 | INFO    | chronological seed=44 2017->2018 random_forest        macro=0.1522 measurable=0.1776 acc=0.8612 (base 0.1320)
13:32:37 | INFO    |   mlp is CPU-only -- --accelerator gpu does not apply
13:33:29 | INFO    | chronological seed=44 2017->2017 mlp                  macro=0.5275 measurable=0.6154 acc=0.9290 (base 0.1294)
13:33:30 | INFO    | chronological seed=44 2017->2018 mlp                  macro=0.1531 measurable=0.1786 acc=0.8593 (base 0.1320)
13:33:30 | INFO    |   logistic_regression is CPU-only -- --accelerator gpu does not apply
13:33:57 | INFO    | chronological seed=44 2017->2017 logistic_regression  macro=0.4050 measurable=0.4725 acc=0.9330 (base 0.1294)
13:33:57 | INFO    | chronological seed=44 2017->2018 logistic_regression  macro=0.1562 measurable=0.1822 acc=0.8474 (base 0.1320)
13:34:59 | INFO    | chronological seed=44 2017->2017 stacking             macro=0.7349 measurable=0.6907 acc=0.9548 (base 0.1294)
13:35:01 | INFO    | chronological seed=44 2017->2018 stacking             macro=0.1522 measurable=0.1776 acc=0.8611 (base 0.1320)
13:35:01 | INFO    | Dropping 8 uninformative column(s) (all-NaN or constant on train): Bwd Avg Bulk Rate, Bwd Avg Bytes/Bulk, Bwd Avg Packets/Bulk, Bwd PSH Flags, Bwd URG Flags, Fwd Avg Bulk Rate, Fwd Avg Bytes/Bulk, Fwd Avg Packets/Bulk
13:35:01 | INFO    | Preprocessor fitted: 69 features, scaler=standard
13:35:01 | INFO    |   lightgbm is CPU-only -- --accelerator gpu does not apply
13:35:01 | INFO    |   lightgbm has no GPU support in the PyPI wheel -- running on CPU
13:35:13 | INFO    | chronological seed=44 2018->2017 lightgbm             macro=0.5087 measurable=0.5935 acc=0.9032 (base 0.1294)
13:35:15 | INFO    | chronological seed=44 2018->2018 lightgbm             macro=0.7748 measurable=0.8483 acc=0.9856 (base 0.1320)
13:35:27 | INFO    | chronological seed=44 2018->2017 xgboost              macro=0.4021 measurable=0.4692 acc=0.7659 (base 0.1294)
13:35:28 | INFO    | chronological seed=44 2018->2018 xgboost              macro=0.7711 measurable=0.8440 acc=0.9850 (base 0.1320)
13:35:37 | INFO    | chronological seed=44 2018->2017 catboost             macro=0.2781 measurable=0.3245 acc=0.8656 (base 0.1294)
13:35:38 | INFO    | chronological seed=44 2018->2018 catboost             macro=0.7147 measurable=0.8338 acc=0.9867 (base 0.1320)
13:35:38 | INFO    |   random_forest is CPU-only -- --accelerator gpu does not apply
13:35:51 | INFO    | chronological seed=44 2018->2017 random_forest        macro=0.1649 measurable=0.1924 acc=0.8349 (base 0.1294)
13:35:52 | INFO    | chronological seed=44 2018->2018 random_forest        macro=0.7134 measurable=0.8323 acc=0.9838 (base 0.1320)
13:35:52 | INFO    |   mlp is CPU-only -- --accelerator gpu does not apply
13:36:31 | INFO    | chronological seed=44 2018->2017 mlp                  macro=0.3003 measurable=0.3504 acc=0.8274 (base 0.1294)
13:36:31 | INFO    | chronological seed=44 2018->2018 mlp                  macro=0.7006 measurable=0.8174 acc=0.9844 (base 0.1320)
13:36:31 | INFO    |   logistic_regression is CPU-only -- --accelerator gpu does not apply
13:36:54 | INFO    | chronological seed=44 2018->2017 logistic_regression  macro=0.2762 measurable=0.3222 acc=0.8071 (base 0.1294)
13:36:55 | INFO    | chronological seed=44 2018->2018 logistic_regression  macro=0.6810 measurable=0.7945 acc=0.9770 (base 0.1320)
13:37:53 | INFO    | chronological seed=44 2018->2017 stacking             macro=0.5813 measurable=0.6781 acc=0.9170 (base 0.1294)
13:37:55 | INFO    | chronological seed=44 2018->2018 stacking             macro=0.7043 measurable=0.8217 acc=0.9857 (base 0.1320)
13:37:55 | INFO    | Dropping 8 uninformative column(s) (all-NaN or constant on train): Bwd Avg Bulk Rate, Bwd Avg Bytes/Bulk, Bwd Avg Packets/Bulk, Bwd PSH Flags, Bwd URG Flags, Fwd Avg Bulk Rate, Fwd Avg Bytes/Bulk, Fwd Avg Packets/Bulk
13:37:55 | INFO    | Preprocessor fitted: 69 features, scaler=standard
13:37:56 | INFO    |   lightgbm is CPU-only -- --accelerator gpu does not apply
13:37:56 | INFO    |   lightgbm has no GPU support in the PyPI wheel -- running on CPU
13:38:10 | INFO    | chronological seed=45 2017->2017 lightgbm             macro=0.7333 measurable=0.6889 acc=0.9551 (base 0.1294)
13:38:12 | INFO    | chronological seed=45 2017->2018 lightgbm             macro=0.1541 measurable=0.1798 acc=0.8609 (base 0.1320)
13:38:23 | INFO    | chronological seed=45 2017->2017 xgboost              macro=0.7313 measurable=0.6866 acc=0.9557 (base 0.1294)
13:38:24 | INFO    | chronological seed=45 2017->2018 xgboost              macro=0.1536 measurable=0.1792 acc=0.8615 (base 0.1320)
13:38:33 | INFO    | chronological seed=45 2017->2017 catboost             macro=0.7128 measurable=0.6943 acc=0.9575 (base 0.1294)
13:38:34 | INFO    | chronological seed=45 2017->2018 catboost             macro=0.1523 measurable=0.1777 acc=0.8614 (base 0.1320)
13:38:34 | INFO    |   random_forest is CPU-only -- --accelerator gpu does not apply
13:38:48 | INFO    | chronological seed=45 2017->2017 random_forest        macro=0.6662 measurable=0.6820 acc=0.9502 (base 0.1294)
13:38:49 | INFO    | chronological seed=45 2017->2018 random_forest        macro=0.1530 measurable=0.1784 acc=0.8613 (base 0.1320)
13:38:49 | INFO    |   mlp is CPU-only -- --accelerator gpu does not apply
13:39:25 | INFO    | chronological seed=45 2017->2017 mlp                  macro=0.5096 measurable=0.5945 acc=0.9351 (base 0.1294)
13:39:26 | INFO    | chronological seed=45 2017->2018 mlp                  macro=0.1536 measurable=0.1792 acc=0.8611 (base 0.1320)
13:39:26 | INFO    |   logistic_regression is CPU-only -- --accelerator gpu does not apply
13:39:52 | INFO    | chronological seed=45 2017->2017 logistic_regression  macro=0.4050 measurable=0.4725 acc=0.9330 (base 0.1294)
13:39:53 | INFO    | chronological seed=45 2017->2018 logistic_regression  macro=0.1562 measurable=0.1822 acc=0.8474 (base 0.1320)
13:40:55 | INFO    | chronological seed=45 2017->2017 stacking             macro=0.7353 measurable=0.6911 acc=0.9567 (base 0.1294)
13:40:56 | INFO    | chronological seed=45 2017->2018 stacking             macro=0.1540 measurable=0.1797 acc=0.8613 (base 0.1320)
13:40:57 | INFO    | Dropping 8 uninformative column(s) (all-NaN or constant on train): Bwd Avg Bulk Rate, Bwd Avg Bytes/Bulk, Bwd Avg Packets/Bulk, Bwd PSH Flags, Bwd URG Flags, Fwd Avg Bulk Rate, Fwd Avg Bytes/Bulk, Fwd Avg Packets/Bulk
13:40:57 | INFO    | Preprocessor fitted: 69 features, scaler=standard
13:40:57 | INFO    |   lightgbm is CPU-only -- --accelerator gpu does not apply
13:40:57 | INFO    |   lightgbm has no GPU support in the PyPI wheel -- running on CPU
13:41:09 | INFO    | chronological seed=45 2018->2017 lightgbm             macro=0.5277 measurable=0.6156 acc=0.9091 (base 0.1294)
13:41:11 | INFO    | chronological seed=45 2018->2018 lightgbm             macro=0.7730 measurable=0.8463 acc=0.9856 (base 0.1320)
13:41:23 | INFO    | chronological seed=45 2018->2017 xgboost              macro=0.4489 measurable=0.5237 acc=0.8429 (base 0.1294)
13:41:24 | INFO    | chronological seed=45 2018->2018 xgboost              macro=0.7723 measurable=0.8455 acc=0.9850 (base 0.1320)
13:41:33 | INFO    | chronological seed=45 2018->2017 catboost             macro=0.2943 measurable=0.3434 acc=0.8777 (base 0.1294)
13:41:34 | INFO    | chronological seed=45 2018->2018 catboost             macro=0.7148 measurable=0.8340 acc=0.9867 (base 0.1320)
13:41:34 | INFO    |   random_forest is CPU-only -- --accelerator gpu does not apply
13:41:47 | INFO    | chronological seed=45 2018->2017 random_forest        macro=0.1644 measurable=0.1918 acc=0.8351 (base 0.1294)
13:41:48 | INFO    | chronological seed=45 2018->2018 random_forest        macro=0.7148 measurable=0.8340 acc=0.9836 (base 0.1320)
13:41:48 | INFO    |   mlp is CPU-only -- --accelerator gpu does not apply
13:42:11 | INFO    | chronological seed=45 2018->2017 mlp                  macro=0.2994 measurable=0.3493 acc=0.8374 (base 0.1294)
13:42:12 | INFO    | chronological seed=45 2018->2018 mlp                  macro=0.7009 measurable=0.8177 acc=0.9843 (base 0.1320)
13:42:12 | INFO    |   logistic_regression is CPU-only -- --accelerator gpu does not apply
13:42:35 | INFO    | chronological seed=45 2018->2017 logistic_regression  macro=0.2762 measurable=0.3222 acc=0.8071 (base 0.1294)
13:42:35 | INFO    | chronological seed=45 2018->2018 logistic_regression  macro=0.6810 measurable=0.7945 acc=0.9770 (base 0.1320)
13:43:35 | INFO    | chronological seed=45 2018->2017 stacking             macro=0.6112 measurable=0.7131 acc=0.9319 (base 0.1294)
13:43:37 | INFO    | chronological seed=45 2018->2018 stacking             macro=0.7040 measurable=0.8213 acc=0.9859 (base 0.1320)
13:43:37 | INFO    | Dropping 8 uninformative column(s) (all-NaN or constant on train): Bwd Avg Bulk Rate, Bwd Avg Bytes/Bulk, Bwd Avg Packets/Bulk, Bwd PSH Flags, Bwd URG Flags, Fwd Avg Bulk Rate, Fwd Avg Bytes/Bulk, Fwd Avg Packets/Bulk
13:43:38 | INFO    | Preprocessor fitted: 69 features, scaler=standard
13:43:38 | INFO    |   lightgbm is CPU-only -- --accelerator gpu does not apply
13:43:38 | INFO    |   lightgbm has no GPU support in the PyPI wheel -- running on CPU
13:43:52 | INFO    | chronological seed=46 2017->2017 lightgbm             macro=0.7317 measurable=0.6870 acc=0.9552 (base 0.1294)
13:43:54 | INFO    | chronological seed=46 2017->2018 lightgbm             macro=0.1539 measurable=0.1796 acc=0.8615 (base 0.1320)
13:44:05 | INFO    | chronological seed=46 2017->2017 xgboost              macro=0.7316 measurable=0.6868 acc=0.9558 (base 0.1294)
13:44:06 | INFO    | chronological seed=46 2017->2018 xgboost              macro=0.1514 measurable=0.1767 acc=0.8612 (base 0.1320)
13:44:16 | INFO    | chronological seed=46 2017->2017 catboost             macro=0.7212 measurable=0.6932 acc=0.9569 (base 0.1294)
13:44:16 | INFO    | chronological seed=46 2017->2018 catboost             macro=0.1515 measurable=0.1767 acc=0.8613 (base 0.1320)
13:44:16 | INFO    |   random_forest is CPU-only -- --accelerator gpu does not apply
13:44:30 | INFO    | chronological seed=46 2017->2017 random_forest        macro=0.6796 measurable=0.6817 acc=0.9502 (base 0.1294)
13:44:31 | INFO    | chronological seed=46 2017->2018 random_forest        macro=0.1529 measurable=0.1784 acc=0.8613 (base 0.1320)
13:44:31 | INFO    |   mlp is CPU-only -- --accelerator gpu does not apply
13:45:40 | INFO    | chronological seed=46 2017->2017 mlp                  macro=0.6258 measurable=0.6190 acc=0.9350 (base 0.1294)
13:45:41 | INFO    | chronological seed=46 2017->2018 mlp                  macro=0.1538 measurable=0.1795 acc=0.8567 (base 0.1320)
13:45:41 | INFO    |   logistic_regression is CPU-only -- --accelerator gpu does not apply
13:46:07 | INFO    | chronological seed=46 2017->2017 logistic_regression  macro=0.4050 measurable=0.4725 acc=0.9330 (base 0.1294)
13:46:08 | INFO    | chronological seed=46 2017->2018 logistic_regression  macro=0.1562 measurable=0.1822 acc=0.8474 (base 0.1320)
13:47:10 | INFO    | chronological seed=46 2017->2017 stacking             macro=0.7255 measurable=0.6885 acc=0.9561 (base 0.1294)
13:47:12 | INFO    | chronological seed=46 2017->2018 stacking             macro=0.1524 measurable=0.1779 acc=0.8612 (base 0.1320)
13:47:12 | INFO    | Dropping 8 uninformative column(s) (all-NaN or constant on train): Bwd Avg Bulk Rate, Bwd Avg Bytes/Bulk, Bwd Avg Packets/Bulk, Bwd PSH Flags, Bwd URG Flags, Fwd Avg Bulk Rate, Fwd Avg Bytes/Bulk, Fwd Avg Packets/Bulk
13:47:12 | INFO    | Preprocessor fitted: 69 features, scaler=standard
13:47:13 | INFO    |   lightgbm is CPU-only -- --accelerator gpu does not apply
13:47:13 | INFO    |   lightgbm has no GPU support in the PyPI wheel -- running on CPU
13:47:25 | INFO    | chronological seed=46 2018->2017 lightgbm             macro=0.4959 measurable=0.5786 acc=0.8958 (base 0.1294)
13:47:26 | INFO    | chronological seed=46 2018->2018 lightgbm             macro=0.7757 measurable=0.8495 acc=0.9861 (base 0.1320)
13:47:37 | INFO    | chronological seed=46 2018->2017 xgboost              macro=0.4308 measurable=0.5026 acc=0.7152 (base 0.1294)
13:47:38 | INFO    | chronological seed=46 2018->2018 xgboost              macro=0.7719 measurable=0.8450 acc=0.9851 (base 0.1320)
13:47:46 | INFO    | chronological seed=46 2018->2017 catboost             macro=0.2765 measurable=0.3226 acc=0.8676 (base 0.1294)
13:47:47 | INFO    | chronological seed=46 2018->2018 catboost             macro=0.7141 measurable=0.8331 acc=0.9863 (base 0.1320)
13:47:47 | INFO    |   random_forest is CPU-only -- --accelerator gpu does not apply
13:48:01 | INFO    | chronological seed=46 2018->2017 random_forest        macro=0.1650 measurable=0.1925 acc=0.8356 (base 0.1294)
13:48:02 | INFO    | chronological seed=46 2018->2018 random_forest        macro=0.7137 measurable=0.8327 acc=0.9836 (base 0.1320)
13:48:02 | INFO    |   mlp is CPU-only -- --accelerator gpu does not apply
13:48:25 | INFO    | chronological seed=46 2018->2017 mlp                  macro=0.3577 measurable=0.4173 acc=0.8547 (base 0.1294)
13:48:26 | INFO    | chronological seed=46 2018->2018 mlp                  macro=0.7153 measurable=0.8345 acc=0.9828 (base 0.1320)
13:48:26 | INFO    |   logistic_regression is CPU-only -- --accelerator gpu does not apply
13:48:38 | INFO    | chronological seed=46 2018->2017 logistic_regression  macro=0.2762 measurable=0.3222 acc=0.8071 (base 0.1294)
13:48:39 | INFO    | chronological seed=46 2018->2018 logistic_regression  macro=0.6810 measurable=0.7945 acc=0.9770 (base 0.1320)
13:49:34 | INFO    | chronological seed=46 2018->2017 stacking             macro=0.5901 measurable=0.6884 acc=0.9211 (base 0.1294)
13:49:35 | INFO    | chronological seed=46 2018->2018 stacking             macro=0.7051 measurable=0.8226 acc=0.9863 (base 0.1320)
13:49:35 | INFO    | done: 280 result rows in 62.7 min -> C:\Users\ks\Documents\GitHub\ai-classification-cyber-attack\results\crossdataset\protocol_v1
