14:32:06 | INFO    | ======================================================================
14:32:06 | INFO    | CSE-CIC-IDS2018 — stratified sampling + 7-model benchmark
14:32:06 | INFO    | sample=500,000 rows | sampling=nested | seed=42 | split=70/30 | weighting=none | accelerator=gpu
14:32:06 | INFO    | results -> C:\Users\ks\Documents\GitHub\ai-classification-cyber-attack\results\ids2018\500k_temporal | models -> C:\Users\ks\Documents\GitHub\ai-classification-cyber-attack\models\ids2018\500k_temporal
14:32:06 | INFO    | ======================================================================
14:32:06 | INFO    | Verifying CUDA on device(s) 0 ...
14:32:07 | INFO    |   nvidia_smi         PASS | GPU 0: NVIDIA GeForce RTX 4060 Laptop GPU (UUID: GPU-c4684497-9c90-aba3-9c13-e1187835b90b)
14:32:07 | INFO    |   xgboost_cuda_fit   PASS | CUDA fit completed
14:32:07 | INFO    |   catboost_gpu_fit   PASS | CUDA fit completed
14:32:07 | INFO    | Reusing cached sample: C:\Users\ks\Documents\GitHub\ai-classification-cyber-attack\data\ids2018\sample_500k.parquet (500,000 rows)
14:32:07 | INFO    | Dropping non-generalisable columns: Flow ID, Src IP, Src Port, Dst IP, Dst Port
14:32:07 | INFO    | Feature matrix before cleaning: 500,000 x 78
14:32:08 | INFO    | Temporal split -> train 349,989 rows / test 150,011 rows (70/30)
14:32:08 | WARNING | Classes with under 10 test flows -- their scores describe the sample, not the model: Brute Force -Web (6), Brute Force -XSS (2), SQL Injection (1)
14:32:08 | INFO    | Split manifest written to C:\Users\ks\Documents\GitHub\ai-classification-cyber-attack\results\ids2018\500k_temporal\split_manifest.json
14:32:09 | INFO    | Dropping 8 uninformative column(s) (all-NaN or constant on train): Bwd Blk Rate Avg, Bwd Byts/b Avg, Bwd PSH Flags, Bwd Pkts/b Avg, Bwd URG Flags, Fwd Blk Rate Avg, Fwd Byts/b Avg, Fwd Pkts/b Avg
14:32:09 | INFO    | Preprocessor fitted: 69 features, scaler=standard
14:32:10 | INFO    | Encoded 15 classes: ['Benign', 'Bot', 'Brute Force -Web', 'Brute Force -XSS', 'DDOS attack-HOIC', 'DDOS attack-LOIC-UDP', 'DDoS attacks-LOIC-HTTP', 'DoS attacks-GoldenEye', 'DoS attacks-Hulk', 'DoS attacks-SlowHTTPTest', 'DoS attacks-Slowloris', 'FTP-BruteForce', 'Infilteration', 'SQL Injection', 'SSH-Bruteforce']
14:32:10 | INFO    | Ready: X_train (349989, 69), X_test (150011, 69) (float32, 138.0 MB total)
14:32:10 | INFO    | Preprocessor, encoder and metadata saved to C:\Users\ks\Documents\GitHub\ai-classification-cyber-attack\models\ids2018\500k_temporal
14:32:10 | INFO    | ----------------------------------------------------------------------
14:32:10 | INFO    | [1/7] xgboost
14:32:54 | INFO    |   xgboost              acc=0.9837  f1_macro=0.7281  f1_weighted=0.9796
14:32:55 | INFO    |   saved -> xgboost.joblib, xgboost.json
14:32:55 | INFO    | 
  model  accuracy  balanced_accuracy  precision_macro  recall_macro  f1_macro  precision_weighted  recall_weighted  f1_weighted  train_seconds  predict_seconds
xgboost    0.9837             0.7107            0.769        0.7107    0.7281              0.9782           0.9837       0.9796           42.8              0.9
14:32:55 | INFO    | Comparison table written to C:\Users\ks\Documents\GitHub\ai-classification-cyber-attack\results\ids2018\500k_temporal\model_comparison.csv
14:32:55 | INFO    | ----------------------------------------------------------------------
14:32:55 | INFO    | [2/7] lightgbm
14:32:55 | INFO    |   lightgbm is CPU-only -- --accelerator gpu does not apply
14:32:55 | INFO    |   lightgbm has no GPU support in the PyPI wheel -- running on CPU
14:33:55 | INFO    |   lightgbm             acc=0.9836  f1_macro=0.7318  f1_weighted=0.9796
14:33:57 | INFO    |   saved -> lightgbm.joblib, lightgbm.txt
14:33:57 | INFO    | 
   model  accuracy  balanced_accuracy  precision_macro  recall_macro  f1_macro  precision_weighted  recall_weighted  f1_weighted  train_seconds  predict_seconds
 xgboost    0.9837             0.7107            0.769        0.7107    0.7281              0.9782           0.9837       0.9796           42.8              0.9
lightgbm    0.9836             0.7103            0.784        0.7103    0.7318              0.9783           0.9836       0.9796           53.8              6.7
14:33:57 | INFO    | Comparison table written to C:\Users\ks\Documents\GitHub\ai-classification-cyber-attack\results\ids2018\500k_temporal\model_comparison.csv
14:33:57 | INFO    | ----------------------------------------------------------------------
14:33:57 | INFO    | [3/7] catboost
14:34:16 | INFO    |   catboost             acc=0.9837  f1_macro=0.6838  f1_weighted=0.9791
14:34:16 | INFO    |   saved -> catboost.joblib, catboost.cbm
14:34:16 | INFO    | 
   model  accuracy  balanced_accuracy  precision_macro  recall_macro  f1_macro  precision_weighted  recall_weighted  f1_weighted  train_seconds  predict_seconds
 xgboost    0.9837             0.7107           0.7690        0.7107    0.7281              0.9782           0.9837       0.9796           42.8              0.9
catboost    0.9837             0.6741           0.7182        0.6741    0.6838              0.9779           0.9837       0.9791           18.4              0.2
lightgbm    0.9836             0.7103           0.7840        0.7103    0.7318              0.9783           0.9836       0.9796           53.8              6.7
14:34:16 | INFO    | Comparison table written to C:\Users\ks\Documents\GitHub\ai-classification-cyber-attack\results\ids2018\500k_temporal\model_comparison.csv
14:34:16 | INFO    | ----------------------------------------------------------------------
14:34:16 | INFO    | [4/7] random_forest
14:34:16 | INFO    |   random_forest is CPU-only -- --accelerator gpu does not apply
14:35:05 | INFO    |   random_forest        acc=0.9828  f1_macro=0.6801  f1_weighted=0.9787
14:35:08 | INFO    |   saved -> random_forest.joblib
14:35:08 | INFO    | 
        model  accuracy  balanced_accuracy  precision_macro  recall_macro  f1_macro  precision_weighted  recall_weighted  f1_weighted  train_seconds  predict_seconds
      xgboost    0.9837             0.7107           0.7690        0.7107    0.7281              0.9782           0.9837       0.9796           42.8              0.9
     catboost    0.9837             0.6741           0.7182        0.6741    0.6838              0.9779           0.9837       0.9791           18.4              0.2
     lightgbm    0.9836             0.7103           0.7840        0.7103    0.7318              0.9783           0.9836       0.9796           53.8              6.7
random_forest    0.9828             0.6660           0.7193        0.6660    0.6801              0.9778           0.9828       0.9787           47.3              1.3
14:35:08 | INFO    | Comparison table written to C:\Users\ks\Documents\GitHub\ai-classification-cyber-attack\results\ids2018\500k_temporal\model_comparison.csv
14:35:08 | INFO    | ----------------------------------------------------------------------
14:35:08 | INFO    | [5/7] mlp
14:35:08 | INFO    |   mlp is CPU-only -- --accelerator gpu does not apply
14:36:35 | INFO    |   mlp                  acc=0.9816  f1_macro=0.6690  f1_weighted=0.9765
14:36:35 | INFO    |   saved -> mlp.joblib
14:36:35 | INFO    | 
        model  accuracy  balanced_accuracy  precision_macro  recall_macro  f1_macro  precision_weighted  recall_weighted  f1_weighted  train_seconds  predict_seconds
      xgboost    0.9837             0.7107           0.7690        0.7107    0.7281              0.9782           0.9837       0.9796           42.8              0.9
     catboost    0.9837             0.6741           0.7182        0.6741    0.6838              0.9779           0.9837       0.9791           18.4              0.2
     lightgbm    0.9836             0.7103           0.7840        0.7103    0.7318              0.9783           0.9836       0.9796           53.8              6.7
random_forest    0.9828             0.6660           0.7193        0.6660    0.6801              0.9778           0.9828       0.9787           47.3              1.3
          mlp    0.9816             0.6578           0.7117        0.6578    0.6690              0.9750           0.9816       0.9765           87.1              0.1
14:36:35 | INFO    | Comparison table written to C:\Users\ks\Documents\GitHub\ai-classification-cyber-attack\results\ids2018\500k_temporal\model_comparison.csv
14:36:35 | INFO    | ----------------------------------------------------------------------
14:36:35 | INFO    | [6/7] logistic_regression
14:36:35 | INFO    |   logistic_regression is CPU-only -- --accelerator gpu does not apply
14:38:11 | INFO    |   logistic_regression  acc=0.9655  f1_macro=0.6586  f1_weighted=0.9598
14:38:11 | INFO    |   saved -> logistic_regression.joblib
14:38:11 | INFO    | 
              model  accuracy  balanced_accuracy  precision_macro  recall_macro  f1_macro  precision_weighted  recall_weighted  f1_weighted  train_seconds  predict_seconds
            xgboost    0.9837             0.7107           0.7690        0.7107    0.7281              0.9782           0.9837       0.9796           42.8              0.9
           catboost    0.9837             0.6741           0.7182        0.6741    0.6838              0.9779           0.9837       0.9791           18.4              0.2
           lightgbm    0.9836             0.7103           0.7840        0.7103    0.7318              0.9783           0.9836       0.9796           53.8              6.7
      random_forest    0.9828             0.6660           0.7193        0.6660    0.6801              0.9778           0.9828       0.9787           47.3              1.3
                mlp    0.9816             0.6578           0.7117        0.6578    0.6690              0.9750           0.9816       0.9765           87.1              0.1
logistic_regression    0.9655             0.6342           0.7068        0.6342    0.6586              0.9567           0.9655       0.9598           95.4              0.0
14:38:11 | INFO    | Comparison table written to C:\Users\ks\Documents\GitHub\ai-classification-cyber-attack\results\ids2018\500k_temporal\model_comparison.csv
14:38:11 | INFO    | ----------------------------------------------------------------------
14:38:11 | INFO    | [7/7] stacking
14:41:32 | INFO    |   stacking             acc=0.9841  f1_macro=0.6693  f1_weighted=0.9788
14:41:33 | INFO    |   saved -> stacking.joblib
14:41:33 | INFO    | 
              model  accuracy  balanced_accuracy  precision_macro  recall_macro  f1_macro  precision_weighted  recall_weighted  f1_weighted  train_seconds  predict_seconds
           stacking    0.9841             0.6532           0.6961        0.6532    0.6693              0.9743           0.9841       0.9788          196.3              4.4
            xgboost    0.9837             0.7107           0.7690        0.7107    0.7281              0.9782           0.9837       0.9796           42.8              0.9
           catboost    0.9837             0.6741           0.7182        0.6741    0.6838              0.9779           0.9837       0.9791           18.4              0.2
           lightgbm    0.9836             0.7103           0.7840        0.7103    0.7318              0.9783           0.9836       0.9796           53.8              6.7
      random_forest    0.9828             0.6660           0.7193        0.6660    0.6801              0.9778           0.9828       0.9787           47.3              1.3
                mlp    0.9816             0.6578           0.7117        0.6578    0.6690              0.9750           0.9816       0.9765           87.1              0.1
logistic_regression    0.9655             0.6342           0.7068        0.6342    0.6586              0.9567           0.9655       0.9598           95.4              0.0
14:41:33 | INFO    | Comparison table written to C:\Users\ks\Documents\GitHub\ai-classification-cyber-attack\results\ids2018\500k_temporal\model_comparison.csv
14:41:33 | INFO    | ======================================================================
14:41:33 | INFO    | 
              model  accuracy  balanced_accuracy  precision_macro  recall_macro  f1_macro  precision_weighted  recall_weighted  f1_weighted  train_seconds  predict_seconds
           stacking    0.9841             0.6532           0.6961        0.6532    0.6693              0.9743           0.9841       0.9788          196.3              4.4
            xgboost    0.9837             0.7107           0.7690        0.7107    0.7281              0.9782           0.9837       0.9796           42.8              0.9
           catboost    0.9837             0.6741           0.7182        0.6741    0.6838              0.9779           0.9837       0.9791           18.4              0.2
           lightgbm    0.9836             0.7103           0.7840        0.7103    0.7318              0.9783           0.9836       0.9796           53.8              6.7
      random_forest    0.9828             0.6660           0.7193        0.6660    0.6801              0.9778           0.9828       0.9787           47.3              1.3
                mlp    0.9816             0.6578           0.7117        0.6578    0.6690              0.9750           0.9816       0.9765           87.1              0.1
logistic_regression    0.9655             0.6342           0.7068        0.6342    0.6586              0.9567           0.9655       0.9598           95.4              0.0
14:41:33 | INFO    | Comparison table written to C:\Users\ks\Documents\GitHub\ai-classification-cyber-attack\results\ids2018\500k_temporal\model_comparison.csv
14:41:33 | INFO    | Total wall time: 9.4 min
