08:47:50 | INFO    | ======================================================================
08:47:50 | INFO    | CSE-CIC-IDS2018 — stratified sampling + 7-model benchmark
08:47:50 | INFO    | sample=500,000 rows | sampling=nested | seed=42 | split=70/30 | weighting=none | accelerator=gpu
08:47:50 | INFO    | results -> results\ids2018\500k_temporal_tuned_fair | models -> models\ids2018\500k_temporal_tuned_fair
08:47:50 | INFO    | ======================================================================
08:47:50 | INFO    | Reusing cached sample: C:\Users\ks\Documents\GitHub\ai-classification-cyber-attack\data\ids2018\sample_500k.parquet (500,000 rows)
08:47:50 | INFO    | Dropping non-generalisable columns: Flow ID, Src IP, Src Port, Dst IP, Dst Port
08:47:50 | INFO    | Feature matrix before cleaning: 500,000 x 78
08:47:51 | INFO    | Temporal split -> train 349,989 rows / test 150,011 rows (70/30)
08:47:51 | WARNING | Classes with under 10 test flows -- their scores describe the sample, not the model: Brute Force -Web (6), Brute Force -XSS (2), SQL Injection (1)
08:47:51 | INFO    | Split manifest written to results\ids2018\500k_temporal_tuned_fair\split_manifest.json
08:47:52 | INFO    | Dropping 8 uninformative column(s) (all-NaN or constant on train): Bwd Blk Rate Avg, Bwd Byts/b Avg, Bwd PSH Flags, Bwd Pkts/b Avg, Bwd URG Flags, Fwd Blk Rate Avg, Fwd Byts/b Avg, Fwd Pkts/b Avg
08:47:52 | INFO    | Preprocessor fitted: 69 features, scaler=standard
08:47:53 | INFO    | Encoded 15 classes: ['Benign', 'Bot', 'Brute Force -Web', 'Brute Force -XSS', 'DDOS attack-HOIC', 'DDOS attack-LOIC-UDP', 'DDoS attacks-LOIC-HTTP', 'DoS attacks-GoldenEye', 'DoS attacks-Hulk', 'DoS attacks-SlowHTTPTest', 'DoS attacks-Slowloris', 'FTP-BruteForce', 'Infilteration', 'SQL Injection', 'SSH-Bruteforce']
08:47:53 | INFO    | Ready: X_train (349989, 69), X_test (150011, 69) (float32, 138.0 MB total)
08:47:53 | INFO    | Preprocessor, encoder and metadata saved to models\ids2018\500k_temporal_tuned_fair
08:47:53 | INFO    | --dry-run set: data prepared, stopping before training
08:48:01 | INFO    | ======================================================================
08:48:01 | INFO    | CSE-CIC-IDS2018 — stratified sampling + 7-model benchmark
08:48:01 | INFO    | sample=500,000 rows | sampling=nested | seed=42 | split=70/30 | weighting=none | accelerator=gpu
08:48:01 | INFO    | results -> C:\Users\ks\Documents\GitHub\ai-classification-cyber-attack\results\ids2018\500k_temporal_tuned_fair | models -> C:\Users\ks\Documents\GitHub\ai-classification-cyber-attack\models\ids2018\500k_temporal_tuned_fair
08:48:01 | INFO    | ======================================================================
08:48:01 | INFO    | Verifying CUDA on device(s) 0 ...
08:48:02 | INFO    |   nvidia_smi         PASS | GPU 0: NVIDIA GeForce RTX 4060 Laptop GPU (UUID: GPU-c4684497-9c90-aba3-9c13-e1187835b90b)
08:48:02 | INFO    |   xgboost_cuda_fit   PASS | CUDA fit completed
08:48:02 | INFO    |   catboost_gpu_fit   PASS | CUDA fit completed
08:48:02 | INFO    | Reusing cached sample: C:\Users\ks\Documents\GitHub\ai-classification-cyber-attack\data\ids2018\sample_500k.parquet (500,000 rows)
08:48:02 | INFO    | Dropping non-generalisable columns: Flow ID, Src IP, Src Port, Dst IP, Dst Port
08:48:02 | INFO    | Feature matrix before cleaning: 500,000 x 78
08:48:03 | INFO    | Temporal split -> train 349,989 rows / test 150,011 rows (70/30)
08:48:03 | WARNING | Classes with under 10 test flows -- their scores describe the sample, not the model: Brute Force -Web (6), Brute Force -XSS (2), SQL Injection (1)
08:48:04 | INFO    | Split manifest written to C:\Users\ks\Documents\GitHub\ai-classification-cyber-attack\results\ids2018\500k_temporal_tuned_fair\split_manifest.json
08:48:04 | INFO    | Dropping 8 uninformative column(s) (all-NaN or constant on train): Bwd Blk Rate Avg, Bwd Byts/b Avg, Bwd PSH Flags, Bwd Pkts/b Avg, Bwd URG Flags, Fwd Blk Rate Avg, Fwd Byts/b Avg, Fwd Pkts/b Avg
08:48:04 | INFO    | Preprocessor fitted: 69 features, scaler=standard
08:48:05 | INFO    | Encoded 15 classes: ['Benign', 'Bot', 'Brute Force -Web', 'Brute Force -XSS', 'DDOS attack-HOIC', 'DDOS attack-LOIC-UDP', 'DDoS attacks-LOIC-HTTP', 'DoS attacks-GoldenEye', 'DoS attacks-Hulk', 'DoS attacks-SlowHTTPTest', 'DoS attacks-Slowloris', 'FTP-BruteForce', 'Infilteration', 'SQL Injection', 'SSH-Bruteforce']
08:48:05 | INFO    | Ready: X_train (349989, 69), X_test (150011, 69) (float32, 138.0 MB total)
08:48:05 | INFO    | Preprocessor, encoder and metadata saved to C:\Users\ks\Documents\GitHub\ai-classification-cyber-attack\models\ids2018\500k_temporal_tuned_fair
08:48:05 | INFO    | ----------------------------------------------------------------------
08:48:05 | INFO    | [1/7] xgboost
08:48:05 | INFO    |   tuning xgboost: 20/144 config(s) = 13.9% of grid x 3 fold(s) on 59,999 rows (1 class(es) pinned to train)
09:03:14 | INFO    |   tuned xgboost: f1_macro=0.7755 in 15.1 min | {'subsample': 0.8, 'reg_lambda': 3.0, 'n_estimators': 600, 'min_child_weight': 1, 'max_depth': 8, 'learning_rate': 0.2, 'colsample_bytree': 1.0}
09:04:01 | INFO    |   xgboost              acc=0.9834  f1_macro=0.7255  f1_weighted=0.9799
09:04:03 | INFO    |   saved -> xgboost.joblib, xgboost.json
09:04:03 | INFO    | 
  model  accuracy  balanced_accuracy  precision_macro  recall_macro  f1_macro  precision_weighted  recall_weighted  f1_weighted  train_seconds  predict_seconds
xgboost    0.9834               0.71            0.759          0.71    0.7255              0.9786           0.9834       0.9799           46.4              1.1
09:04:03 | INFO    | Comparison table written to C:\Users\ks\Documents\GitHub\ai-classification-cyber-attack\results\ids2018\500k_temporal_tuned_fair\model_comparison.csv
09:04:03 | INFO    | ----------------------------------------------------------------------
09:04:03 | INFO    | [2/7] lightgbm
09:04:03 | INFO    |   lightgbm is CPU-only -- --accelerator gpu does not apply
09:04:03 | INFO    |   lightgbm has no GPU support in the PyPI wheel -- running on CPU
09:04:03 | INFO    |   tuning lightgbm: 20/144 config(s) = 13.9% of grid x 3 fold(s) on 59,999 rows (1 class(es) pinned to train)
09:16:01 | INFO    |   tuned lightgbm: f1_macro=0.8318 in 12.0 min | {'reg_lambda': 3.0, 'num_leaves': 31, 'n_estimators': 600, 'min_child_samples': 50, 'learning_rate': 0.1, 'colsample_bytree': 0.8}
09:16:53 | INFO    |   lightgbm             acc=0.9837  f1_macro=0.7321  f1_weighted=0.9795
09:16:55 | INFO    |   saved -> lightgbm.joblib, lightgbm.txt
09:16:55 | INFO    | 
   model  accuracy  balanced_accuracy  precision_macro  recall_macro  f1_macro  precision_weighted  recall_weighted  f1_weighted  train_seconds  predict_seconds
lightgbm    0.9837             0.7117           0.7837        0.7117    0.7321              0.9781           0.9837       0.9795           46.4              5.8
 xgboost    0.9834             0.7100           0.7590        0.7100    0.7255              0.9786           0.9834       0.9799           46.4              1.1
09:16:55 | INFO    | Comparison table written to C:\Users\ks\Documents\GitHub\ai-classification-cyber-attack\results\ids2018\500k_temporal_tuned_fair\model_comparison.csv
09:16:55 | INFO    | ----------------------------------------------------------------------
09:16:55 | INFO    | [3/7] catboost
09:16:55 | INFO    |   tuning catboost: 20/144 config(s) = 13.9% of grid x 3 fold(s) on 59,999 rows (1 class(es) pinned to train)
09:30:53 | INFO    |   tuned catboost: f1_macro=0.7605 in 14.0 min | {'learning_rate': 0.1, 'l2_leaf_reg': 3, 'iterations': 500, 'depth': 10}
09:31:29 | INFO    |   catboost             acc=0.9837  f1_macro=0.6845  f1_weighted=0.9791
09:31:30 | INFO    |   saved -> catboost.joblib, catboost.cbm
09:31:30 | INFO    | 
   model  accuracy  balanced_accuracy  precision_macro  recall_macro  f1_macro  precision_weighted  recall_weighted  f1_weighted  train_seconds  predict_seconds
lightgbm    0.9837             0.7117           0.7837        0.7117    0.7321              0.9781           0.9837       0.9795           46.4              5.8
catboost    0.9837             0.6748           0.7162        0.6748    0.6845              0.9777           0.9837       0.9791           36.0              0.2
 xgboost    0.9834             0.7100           0.7590        0.7100    0.7255              0.9786           0.9834       0.9799           46.4              1.1
09:31:30 | INFO    | Comparison table written to C:\Users\ks\Documents\GitHub\ai-classification-cyber-attack\results\ids2018\500k_temporal_tuned_fair\model_comparison.csv
09:31:30 | INFO    | ----------------------------------------------------------------------
09:31:30 | INFO    | [4/7] random_forest
09:31:30 | INFO    |   random_forest is CPU-only -- --accelerator gpu does not apply
09:31:30 | INFO    |   tuning random_forest: 20/144 config(s) = 13.9% of grid x 3 fold(s) on 59,999 rows (1 class(es) pinned to train)
09:37:39 | INFO    |   tuned random_forest: f1_macro=0.7757 in 6.2 min | {'n_estimators': 400, 'min_samples_split': 5, 'min_samples_leaf': 1, 'max_features': 0.3, 'max_depth': 30}
09:39:21 | INFO    |   random_forest        acc=0.9834  f1_macro=0.7678  f1_weighted=0.9796
09:39:24 | INFO    |   saved -> random_forest.joblib
09:39:24 | INFO    | 
        model  accuracy  balanced_accuracy  precision_macro  recall_macro  f1_macro  precision_weighted  recall_weighted  f1_weighted  train_seconds  predict_seconds
     lightgbm    0.9837             0.7117           0.7837        0.7117    0.7321              0.9781           0.9837       0.9795           46.4              5.8
     catboost    0.9837             0.6748           0.7162        0.6748    0.6845              0.9777           0.9837       0.9791           36.0              0.2
      xgboost    0.9834             0.7100           0.7590        0.7100    0.7255              0.9786           0.9834       0.9799           46.4              1.1
random_forest    0.9834             0.7429           0.8547        0.7429    0.7678              0.9785           0.9834       0.9796           99.8              1.6
09:39:24 | INFO    | Comparison table written to C:\Users\ks\Documents\GitHub\ai-classification-cyber-attack\results\ids2018\500k_temporal_tuned_fair\model_comparison.csv
09:39:24 | INFO    | ----------------------------------------------------------------------
09:39:24 | INFO    | [5/7] mlp
09:39:24 | INFO    |   mlp is CPU-only -- --accelerator gpu does not apply
09:39:24 | INFO    |   tuning mlp: 20/144 config(s) = 13.9% of grid x 3 fold(s) on 59,999 rows (1 class(es) pinned to train)
09:51:22 | INFO    |   tuned mlp: f1_macro=0.7439 in 12.0 min | {'learning_rate_init': 0.005, 'hidden_layer_sizes': (128, 64), 'batch_size': 512, 'alpha': 1e-05}
09:52:22 | INFO    |   mlp                  acc=0.9819  f1_macro=0.6722  f1_weighted=0.9770
09:52:22 | INFO    |   saved -> mlp.joblib
09:52:22 | INFO    | 
        model  accuracy  balanced_accuracy  precision_macro  recall_macro  f1_macro  precision_weighted  recall_weighted  f1_weighted  train_seconds  predict_seconds
     lightgbm    0.9837             0.7117           0.7837        0.7117    0.7321              0.9781           0.9837       0.9795           46.4              5.8
     catboost    0.9837             0.6748           0.7162        0.6748    0.6845              0.9777           0.9837       0.9791           36.0              0.2
      xgboost    0.9834             0.7100           0.7590        0.7100    0.7255              0.9786           0.9834       0.9799           46.4              1.1
random_forest    0.9834             0.7429           0.8547        0.7429    0.7678              0.9785           0.9834       0.9796           99.8              1.6
          mlp    0.9819             0.6647           0.7108        0.6647    0.6722              0.9759           0.9819       0.9770           59.5              0.1
09:52:22 | INFO    | Comparison table written to C:\Users\ks\Documents\GitHub\ai-classification-cyber-attack\results\ids2018\500k_temporal_tuned_fair\model_comparison.csv
09:52:22 | INFO    | ----------------------------------------------------------------------
09:52:22 | INFO    | [6/7] logistic_regression
09:52:22 | INFO    |   logistic_regression is CPU-only -- --accelerator gpu does not apply
09:52:22 | INFO    |   tuning logistic_regression: 20/144 config(s) = 13.9% of grid x 3 fold(s) on 59,999 rows (1 class(es) pinned to train)
09:57:23 | INFO    |   tuned logistic_regression: f1_macro=0.7012 in 5.0 min | {'tol': 0.0005, 'fit_intercept': True, 'C': 300.0}
09:57:46 | INFO    |   logistic_regression  acc=0.9633  f1_macro=0.6225  f1_weighted=0.9582
09:57:46 | INFO    |   saved -> logistic_regression.joblib
09:57:47 | INFO    | 
              model  accuracy  balanced_accuracy  precision_macro  recall_macro  f1_macro  precision_weighted  recall_weighted  f1_weighted  train_seconds  predict_seconds
           lightgbm    0.9837             0.7117           0.7837        0.7117    0.7321              0.9781           0.9837       0.9795           46.4              5.8
           catboost    0.9837             0.6748           0.7162        0.6748    0.6845              0.9777           0.9837       0.9791           36.0              0.2
            xgboost    0.9834             0.7100           0.7590        0.7100    0.7255              0.9786           0.9834       0.9799           46.4              1.1
      random_forest    0.9834             0.7429           0.8547        0.7429    0.7678              0.9785           0.9834       0.9796           99.8              1.6
                mlp    0.9819             0.6647           0.7108        0.6647    0.6722              0.9759           0.9819       0.9770           59.5              0.1
logistic_regression    0.9633             0.6005           0.6672        0.6005    0.6225              0.9549           0.9633       0.9582           23.3              0.0
09:57:47 | INFO    | Comparison table written to C:\Users\ks\Documents\GitHub\ai-classification-cyber-attack\results\ids2018\500k_temporal_tuned_fair\model_comparison.csv
09:57:47 | INFO    | ----------------------------------------------------------------------
09:57:47 | INFO    | [7/7] stacking
10:01:15 | INFO    | ======================================================================
10:01:15 | INFO    | CSE-CIC-IDS2018 — stratified sampling + 7-model benchmark
10:01:15 | INFO    | sample=500,000 rows | sampling=nested | seed=42 | split=70/30 | weighting=none | accelerator=gpu
10:01:15 | INFO    | results -> C:\Users\ks\Documents\GitHub\ai-classification-cyber-attack\results\ids2018\500k_temporal_tuned_fair | models -> C:\Users\ks\Documents\GitHub\ai-classification-cyber-attack\models\ids2018\500k_temporal_tuned_fair
10:01:15 | INFO    | ======================================================================
10:01:15 | INFO    | Verifying CUDA on device(s) 0 ...
10:01:16 | INFO    |   nvidia_smi         PASS | GPU 0: NVIDIA GeForce RTX 4060 Laptop GPU (UUID: GPU-c4684497-9c90-aba3-9c13-e1187835b90b)
10:01:16 | INFO    |   xgboost_cuda_fit   PASS | CUDA fit completed
10:01:16 | INFO    |   catboost_gpu_fit   PASS | CUDA fit completed
10:01:16 | INFO    | Reusing cached sample: C:\Users\ks\Documents\GitHub\ai-classification-cyber-attack\data\ids2018\sample_500k.parquet (500,000 rows)
10:01:16 | INFO    | Dropping non-generalisable columns: Flow ID, Src IP, Src Port, Dst IP, Dst Port
10:01:16 | INFO    | Feature matrix before cleaning: 500,000 x 78
10:01:17 | INFO    | Temporal split -> train 349,989 rows / test 150,011 rows (70/30)
10:01:17 | WARNING | Classes with under 10 test flows -- their scores describe the sample, not the model: Brute Force -Web (6), Brute Force -XSS (2), SQL Injection (1)
10:01:17 | INFO    | Split manifest written to C:\Users\ks\Documents\GitHub\ai-classification-cyber-attack\results\ids2018\500k_temporal_tuned_fair\split_manifest.json
10:01:17 | INFO    | Dropping 8 uninformative column(s) (all-NaN or constant on train): Bwd Blk Rate Avg, Bwd Byts/b Avg, Bwd PSH Flags, Bwd Pkts/b Avg, Bwd URG Flags, Fwd Blk Rate Avg, Fwd Byts/b Avg, Fwd Pkts/b Avg
10:01:18 | INFO    | Preprocessor fitted: 69 features, scaler=standard
10:01:18 | INFO    | Encoded 15 classes: ['Benign', 'Bot', 'Brute Force -Web', 'Brute Force -XSS', 'DDOS attack-HOIC', 'DDOS attack-LOIC-UDP', 'DDoS attacks-LOIC-HTTP', 'DoS attacks-GoldenEye', 'DoS attacks-Hulk', 'DoS attacks-SlowHTTPTest', 'DoS attacks-Slowloris', 'FTP-BruteForce', 'Infilteration', 'SQL Injection', 'SSH-Bruteforce']
10:01:18 | INFO    | Ready: X_train (349989, 69), X_test (150011, 69) (float32, 138.0 MB total)
10:01:18 | INFO    | Preprocessor, encoder and metadata saved to C:\Users\ks\Documents\GitHub\ai-classification-cyber-attack\models\ids2018\500k_temporal_tuned_fair
10:01:18 | INFO    | ----------------------------------------------------------------------
10:01:18 | INFO    | [1/7] xgboost
10:01:18 | INFO    |   already trained -- reusing saved artefacts
10:01:18 | INFO    | ----------------------------------------------------------------------
10:01:18 | INFO    | [2/7] lightgbm
10:01:18 | INFO    |   already trained -- reusing saved artefacts
10:01:18 | INFO    | ----------------------------------------------------------------------
10:01:18 | INFO    | [3/7] catboost
10:01:18 | INFO    |   already trained -- reusing saved artefacts
10:01:18 | INFO    | ----------------------------------------------------------------------
10:01:18 | INFO    | [4/7] random_forest
10:01:18 | INFO    |   already trained -- reusing saved artefacts
10:01:18 | INFO    | ----------------------------------------------------------------------
10:01:18 | INFO    | [5/7] mlp
10:01:18 | INFO    |   already trained -- reusing saved artefacts
10:01:18 | INFO    | ----------------------------------------------------------------------
10:01:18 | INFO    | [6/7] logistic_regression
10:01:18 | INFO    |   already trained -- reusing saved artefacts
10:01:18 | INFO    | ----------------------------------------------------------------------
10:01:18 | INFO    | [7/7] stacking
10:04:49 | INFO    |   stacking             acc=0.9841  f1_macro=0.6678  f1_weighted=0.9789
10:04:51 | INFO    |   saved -> stacking.joblib
10:04:51 | INFO    | 
              model  accuracy  balanced_accuracy  precision_macro  recall_macro  f1_macro  precision_weighted  recall_weighted  f1_weighted  train_seconds  predict_seconds
           stacking    0.9841             0.6504           0.6978        0.6504    0.6678              0.9743           0.9841       0.9789          207.5              3.3
           lightgbm    0.9837             0.7117           0.7837        0.7117    0.7321              0.9781           0.9837       0.9795           46.4              5.8
           catboost    0.9837             0.6748           0.7162        0.6748    0.6845              0.9777           0.9837       0.9791           36.0              0.2
            xgboost    0.9834             0.7100           0.7590        0.7100    0.7255              0.9786           0.9834       0.9799           46.4              1.1
      random_forest    0.9834             0.7429           0.8547        0.7429    0.7678              0.9785           0.9834       0.9796           99.8              1.6
                mlp    0.9819             0.6647           0.7108        0.6647    0.6722              0.9759           0.9819       0.9770           59.5              0.1
logistic_regression    0.9633             0.6005           0.6672        0.6005    0.6225              0.9549           0.9633       0.9582           23.3              0.0
10:04:51 | INFO    | Comparison table written to C:\Users\ks\Documents\GitHub\ai-classification-cyber-attack\results\ids2018\500k_temporal_tuned_fair\model_comparison.csv
10:04:51 | INFO    | Search provenance written to C:\Users\ks\Documents\GitHub\ai-classification-cyber-attack\results\ids2018\500k_temporal_tuned_fair\tuning.json
10:04:51 | INFO    | ======================================================================
10:04:51 | INFO    | 
              model  accuracy  balanced_accuracy  precision_macro  recall_macro  f1_macro  precision_weighted  recall_weighted  f1_weighted  train_seconds  predict_seconds
           stacking    0.9841             0.6504           0.6978        0.6504    0.6678              0.9743           0.9841       0.9789          207.5              3.3
           lightgbm    0.9837             0.7117           0.7837        0.7117    0.7321              0.9781           0.9837       0.9795           46.4              5.8
           catboost    0.9837             0.6748           0.7162        0.6748    0.6845              0.9777           0.9837       0.9791           36.0              0.2
            xgboost    0.9834             0.7100           0.7590        0.7100    0.7255              0.9786           0.9834       0.9799           46.4              1.1
      random_forest    0.9834             0.7429           0.8547        0.7429    0.7678              0.9785           0.9834       0.9796           99.8              1.6
                mlp    0.9819             0.6647           0.7108        0.6647    0.6722              0.9759           0.9819       0.9770           59.5              0.1
logistic_regression    0.9633             0.6005           0.6672        0.6005    0.6225              0.9549           0.9633       0.9582           23.3              0.0
10:04:51 | INFO    | Comparison table written to C:\Users\ks\Documents\GitHub\ai-classification-cyber-attack\results\ids2018\500k_temporal_tuned_fair\model_comparison.csv
10:04:51 | INFO    | Total wall time: 3.6 min
